Component: ARM Compiler 5.06 update 1 (build 61) Tool: armlink [4d35a8]

==============================================================================

Section Cross References

    main.o(i.Task_1) refers to time.o(i.CoTickDelay) for CoTickDelay
    main.o(i.Task_1) refers to petitmodbus.o(i.ProcessPetitModbus) for ProcessPetitModbus
    main.o(i.Task_2) refers to stm32f30x_gpio.o(i.GPIO_WriteBit) for GPIO_WriteBit
    main.o(i.Task_2) refers to time.o(i.CoTickDelay) for CoTickDelay
    main.o(i.Task_2) refers to petitregconstant.o(.bss) for PetitRegisters
    main.o(i.Task_3) refers to time.o(i.CoTickDelay) for CoTickDelay
    main.o(i.Task_3) refers to stm32f30x_gpio.o(i.GPIO_ReadInputDataBit) for GPIO_ReadInputDataBit
    main.o(i.Task_3) refers to petitregconstant.o(.bss) for PetitRegisters
    main.o(i.Task_4) refers to time.o(i.CoTickDelay) for CoTickDelay
    main.o(i.Task_4) refers to petitregconstant.o(.bss) for PetitRegisters
    main.o(i.main) refers to init.o(i.General_GPIO_Init) for General_GPIO_Init
    main.o(i.main) refers to petitmodbus.o(i.InitPetitModbus) for InitPetitModbus
    main.o(i.main) refers to core.o(i.CoInitOS) for CoInitOS
    main.o(i.main) refers to task.o(i.CreateTask) for CreateTask
    main.o(i.main) refers to core.o(i.CoStartOS) for CoStartOS
    main.o(i.main) refers to main.o(.bss) for .bss
    main.o(i.main) refers to main.o(i.Task_1) for Task_1
    main.o(i.main) refers to main.o(i.Task_2) for Task_2
    main.o(i.main) refers to main.o(i.Task_3) for Task_3
    main.o(i.main) refers to main.o(i.Task_4) for Task_4
    stm32f30x_adc.o(i.ADC_DeInit) refers to stm32f30x_rcc.o(i.RCC_AHBPeriphResetCmd) for RCC_AHBPeriphResetCmd
    stm32f30x_can.o(i.CAN_DeInit) refers to stm32f30x_rcc.o(i.RCC_APB1PeriphResetCmd) for RCC_APB1PeriphResetCmd
    stm32f30x_can.o(i.CAN_GetITStatus) refers to stm32f30x_can.o(i.CheckITStatus) for CheckITStatus
    stm32f30x_dac.o(i.DAC_DeInit) refers to stm32f30x_rcc.o(i.RCC_APB1PeriphResetCmd) for RCC_APB1PeriphResetCmd
    stm32f30x_flash.o(i.FLASH_EraseAllPages) refers to stm32f30x_flash.o(i.FLASH_WaitForLastOperation) for FLASH_WaitForLastOperation
    stm32f30x_flash.o(i.FLASH_ErasePage) refers to stm32f30x_flash.o(i.FLASH_WaitForLastOperation) for FLASH_WaitForLastOperation
    stm32f30x_flash.o(i.FLASH_OB_BOOTConfig) refers to stm32f30x_flash.o(i.FLASH_WaitForLastOperation) for FLASH_WaitForLastOperation
    stm32f30x_flash.o(i.FLASH_OB_EnableWRP) refers to stm32f30x_flash.o(i.FLASH_WaitForLastOperation) for FLASH_WaitForLastOperation
    stm32f30x_flash.o(i.FLASH_OB_Erase) refers to stm32f30x_flash.o(i.FLASH_OB_GetRDP) for FLASH_OB_GetRDP
    stm32f30x_flash.o(i.FLASH_OB_Erase) refers to stm32f30x_flash.o(i.FLASH_WaitForLastOperation) for FLASH_WaitForLastOperation
    stm32f30x_flash.o(i.FLASH_OB_RDPConfig) refers to stm32f30x_flash.o(i.FLASH_WaitForLastOperation) for FLASH_WaitForLastOperation
    stm32f30x_flash.o(i.FLASH_OB_SRAMParityConfig) refers to stm32f30x_flash.o(i.FLASH_WaitForLastOperation) for FLASH_WaitForLastOperation
    stm32f30x_flash.o(i.FLASH_OB_UserConfig) refers to stm32f30x_flash.o(i.FLASH_WaitForLastOperation) for FLASH_WaitForLastOperation
    stm32f30x_flash.o(i.FLASH_OB_VDDAConfig) refers to stm32f30x_flash.o(i.FLASH_WaitForLastOperation) for FLASH_WaitForLastOperation
    stm32f30x_flash.o(i.FLASH_OB_WriteUser) refers to stm32f30x_flash.o(i.FLASH_WaitForLastOperation) for FLASH_WaitForLastOperation
    stm32f30x_flash.o(i.FLASH_ProgramHalfWord) refers to stm32f30x_flash.o(i.FLASH_WaitForLastOperation) for FLASH_WaitForLastOperation
    stm32f30x_flash.o(i.FLASH_ProgramOptionByteData) refers to stm32f30x_flash.o(i.FLASH_WaitForLastOperation) for FLASH_WaitForLastOperation
    stm32f30x_flash.o(i.FLASH_ProgramWord) refers to stm32f30x_flash.o(i.FLASH_WaitForLastOperation) for FLASH_WaitForLastOperation
    stm32f30x_flash.o(i.FLASH_WaitForLastOperation) refers to stm32f30x_flash.o(i.FLASH_GetStatus) for FLASH_GetStatus
    stm32f30x_gpio.o(i.GPIO_DeInit) refers to stm32f30x_rcc.o(i.RCC_AHBPeriphResetCmd) for RCC_AHBPeriphResetCmd
    stm32f30x_hrtim.o(i.HRTIM_DeInit) refers to stm32f30x_rcc.o(i.RCC_APB2PeriphResetCmd) for RCC_APB2PeriphResetCmd
    stm32f30x_hrtim.o(i.HRTIM_EventConfig) refers to stm32f30x_hrtim.o(i.HRTIM_ExternalEventConfig) for HRTIM_ExternalEventConfig
    stm32f30x_hrtim.o(i.HRTIM_SimpleBaseStart) refers to stm32f30x_hrtim.o(.data) for .data
    stm32f30x_hrtim.o(i.HRTIM_SimpleBaseStop) refers to stm32f30x_hrtim.o(.data) for .data
    stm32f30x_hrtim.o(i.HRTIM_SimpleBase_Init) refers to stm32f30x_hrtim.o(i.HRTIM_TimingUnitBase_Config) for HRTIM_TimingUnitBase_Config
    stm32f30x_hrtim.o(i.HRTIM_SimpleBase_Init) refers to stm32f30x_hrtim.o(i.HRTIM_MasterBase_Config) for HRTIM_MasterBase_Config
    stm32f30x_hrtim.o(i.HRTIM_SimpleCaptureChannelConfig) refers to stm32f30x_hrtim.o(i.HRTIM_ExternalEventConfig) for HRTIM_ExternalEventConfig
[...]
    Removing stm32f30x_usart.o(i.USART_DEPolarityConfig), (16 bytes).
    Removing stm32f30x_usart.o(i.USART_DMACmd), (16 bytes).
    Removing stm32f30x_usart.o(i.USART_DMAReceptionErrorConfig), (16 bytes).
    Removing stm32f30x_usart.o(i.USART_DataInvCmd), (20 bytes).
    Removing stm32f30x_usart.o(i.USART_DirectionModeCmd), (16 bytes).
    Removing stm32f30x_usart.o(i.USART_HalfDuplexCmd), (20 bytes).
    Removing stm32f30x_usart.o(i.USART_InvPinCmd), (16 bytes).
    Removing stm32f30x_usart.o(i.USART_IrDACmd), (20 bytes).
    Removing stm32f30x_usart.o(i.USART_IrDAConfig), (16 bytes).
    Removing stm32f30x_usart.o(i.USART_LINBreakDetectLengthConfig), (16 bytes).
    Removing stm32f30x_usart.o(i.USART_LINCmd), (20 bytes).
    Removing stm32f30x_usart.o(i.USART_MSBFirstCmd), (20 bytes).
    Removing stm32f30x_usart.o(i.USART_MuteModeCmd), (20 bytes).
    Removing stm32f30x_usart.o(i.USART_MuteModeWakeUpConfig), (16 bytes).
    Removing stm32f30x_usart.o(i.USART_OneBitMethodCmd), (20 bytes).
    Removing stm32f30x_usart.o(i.USART_OverSampling8Cmd), (20 bytes).
    Removing stm32f30x_usart.o(i.USART_OverrunDetectionConfig), (16 bytes).
    Removing stm32f30x_usart.o(i.USART_ReceiverTimeOutCmd), (20 bytes).
    Removing stm32f30x_usart.o(i.USART_RequestCmd), (16 bytes).
    Removing stm32f30x_usart.o(i.USART_STOPModeCmd), (20 bytes).
    Removing stm32f30x_usart.o(i.USART_SWAPPinCmd), (20 bytes).
    Removing stm32f30x_usart.o(i.USART_SetAddress), (18 bytes).
    Removing stm32f30x_usart.o(i.USART_SetAutoRetryCount), (18 bytes).
    Removing stm32f30x_usart.o(i.USART_SetBlockLength), (18 bytes).
    Removing stm32f30x_usart.o(i.USART_SetDEAssertionTime), (18 bytes).
    Removing stm32f30x_usart.o(i.USART_SetDEDeassertionTime), (18 bytes).
    Removing stm32f30x_usart.o(i.USART_SetGuardTime), (16 bytes).
    Removing stm32f30x_usart.o(i.USART_SetPrescaler), (16 bytes).
    Removing stm32f30x_usart.o(i.USART_SetReceiverTimeOut), (16 bytes).
    Removing stm32f30x_usart.o(i.USART_SmartCardCmd), (20 bytes).
    Removing stm32f30x_usart.o(i.USART_SmartCardNACKCmd), (20 bytes).
    Removing stm32f30x_usart.o(i.USART_StopModeWakeUpSourceConfig), (16 bytes).
    Removing stm32f30x_usart.o(i.USART_StructInit), (22 bytes).
    Removing stm32f30x_wwdg.o(.rev16_text), (4 bytes).
    Removing stm32f30x_wwdg.o(.revsh_text), (4 bytes).
    Removing stm32f30x_wwdg.o(.rrx_text), (6 bytes).
    Removing stm32f30x_wwdg.o(i.WWDG_ClearFlag), (12 bytes).
    Removing stm32f30x_wwdg.o(i.WWDG_DeInit), (24 bytes).
    Removing stm32f30x_wwdg.o(i.WWDG_Enable), (16 bytes).
    Removing stm32f30x_wwdg.o(i.WWDG_EnableIT), (16 bytes).
    Removing stm32f30x_wwdg.o(i.WWDG_GetFlagStatus), (20 bytes).
    Removing stm32f30x_wwdg.o(i.WWDG_SetCounter), (16 bytes).
    Removing stm32f30x_wwdg.o(i.WWDG_SetPrescaler), (20 bytes).
    Removing stm32f30x_wwdg.o(i.WWDG_SetWindowValue), (28 bytes).
    Removing system_stm32f30x.o(.rev16_text), (4 bytes).
    Removing system_stm32f30x.o(.revsh_text), (4 bytes).
    Removing system_stm32f30x.o(.rrx_text), (6 bytes).
    Removing system_stm32f30x.o(i.SystemCoreClockUpdate), (108 bytes).
    Removing system_stm32f30x.o(.data), (20 bytes).
    Removing init.o(.rev16_text), (4 bytes).
    Removing init.o(.revsh_text), (4 bytes).
    Removing init.o(.rrx_text), (6 bytes).
    Removing init.o(i.General_ADC_Init), (2 bytes).
    Removing init.o(i.General_DMA_Init), (2 bytes).
    Removing init.o(i.General_SPI_Init), (172 bytes).
    Removing general.o(.rev16_text), (4 bytes).
    Removing general.o(.revsh_text), (4 bytes).
    Removing general.o(.rrx_text), (6 bytes).
    Removing core.o(i.CoEnterISR), (12 bytes).
    Removing core.o(i.CoExitISR), (44 bytes).
    Removing core.o(i.CoGetOSVersion), (6 bytes).
    Removing core.o(i.CoSchedLock), (16 bytes).
    Removing core.o(i.CoSchedUnlock), (4 bytes).
    Removing event.o(i.CreatEvent), (72 bytes).
    Removing event.o(i.DeleteEvent), (92 bytes).
    Removing event.o(i.EventTaskToWait), (120 bytes).
    Removing event.o(i.ReleaseECB), (40 bytes).
    Removing flag.o(i.CoAcceptMultipleFlags), (108 bytes).
    Removing flag.o(i.CoAcceptSingleFlag), (68 bytes).
    Removing flag.o(i.CoClearFlag), (36 bytes).
    Removing flag.o(i.CoCreateFlag), (84 bytes).
    Removing flag.o(i.CoDelFlag), (128 bytes).
    Removing flag.o(i.CoWaitForMultipleFlags), (268 bytes).
    Removing flag.o(i.CoWaitForSingleFlag), (196 bytes).
    Removing flag.o(i.FlagBlock), (52 bytes).
    Removing flag.o(i.isr_SetFlag), (40 bytes).
    Removing kernelheap.o(i.CoKfree), (280 bytes).
    Removing kernelheap.o(i.CoKmalloc), (172 bytes).
    Removing kernelheap.o(i.GetPreFMB), (14 bytes).
    Removing mbox.o(i.CoAcceptMail), (84 bytes).
    Removing mbox.o(i.CoCreateMbox), (26 bytes).
    Removing mbox.o(i.CoDelMbox), (32 bytes).
    Removing mbox.o(i.CoPendMail), (196 bytes).
    Removing mbox.o(i.isr_PostMail), (40 bytes).
    Removing mm.o(i.CoCreateMemPartition), (132 bytes).
    Removing mm.o(i.CoDelMemoryPartition), (68 bytes).
    Removing mm.o(i.CoFreeMemoryBuffer), (100 bytes).
    Removing mm.o(i.CoGetFreeBlockNum), (84 bytes).
    Removing mm.o(i.CoGetMemoryBuffer), (72 bytes).
    Removing mm.o(.bss), (32 bytes).
    Removing mm.o(.data), (4 bytes).
    Removing mutex.o(i.CoCreateMutex), (72 bytes).
    Removing mutex.o(i.CoEnterMutexSection), (256 bytes).
    Removing mutex.o(i.CoLeaveMutexSection), (176 bytes).
    Removing mutex.o(i.RemoveMutexList), (104 bytes).
    Removing mutex.o(.bss), (80 bytes).
    Removing mutex.o(.data), (1 bytes).
    Removing queue.o(i.CoAcceptQueueMail), (104 bytes).
    Removing queue.o(i.CoCreateQueue), (116 bytes).
    Removing queue.o(i.CoDelQueue), (76 bytes).
    Removing queue.o(i.CoPendQueueMail), (268 bytes).
    Removing queue.o(i.isr_PostQueueMail), (40 bytes).
    Removing queue.o(.bss), (32 bytes).
    Removing queue.o(.data), (4 bytes).
    Removing sem.o(i.CoAcceptSem), (68 bytes).
    Removing sem.o(i.CoCreateSem), (44 bytes).
    Removing sem.o(i.CoDelSem), (32 bytes).
    Removing sem.o(i.CoPendSem), (160 bytes).
    Removing sem.o(i.isr_PostSem), (40 bytes).
    Removing servicereq.o(i.InsertInSRQ), (84 bytes).
    Removing task.o(i.CoAwakeTask), (100 bytes).
    Removing task.o(i.CoDelTask), (192 bytes).
    Removing task.o(i.CoExitTask), (16 bytes).
    Removing task.o(i.CoGetCurTaskID), (12 bytes).
    Removing task.o(i.CoSetPriority), (260 bytes).
    Removing task.o(i.CoSuspendTask), (112 bytes).
    Removing time.o(i.CoGetOSTime), (12 bytes).
    Removing time.o(i.CoResetTaskDelayTick), (88 bytes).
    Removing time.o(i.CoTimeDelay), (108 bytes).
    Removing timer.o(i.CoCreateTmr), (120 bytes).
    Removing timer.o(i.CoDelTmr), (60 bytes).
    Removing timer.o(i.CoGetCurTmrCnt), (52 bytes).
    Removing timer.o(i.CoSetTmrCnt), (68 bytes).
    Removing timer.o(i.CoStartTmr), (56 bytes).
    Removing timer.o(i.CoStopTmr), (60 bytes).
    Removing utility.o(i.CoTickToTime), (56 bytes).
    Removing utility.o(i.CoTimeToTick), (80 bytes).
    Removing petitmodbusport.o(.rev16_text), (4 bytes).
    Removing petitmodbusport.o(.revsh_text), (4 bytes).
    Removing petitmodbusport.o(.rrx_text), (6 bytes).
    Removing petitmodbusport.o(.bss), (700 bytes).

785 unused section(s) (total 30123 bytes) removed from the image.

==============================================================================

Image Symbol Table

    Local Symbols

    Symbol Name                              Value     Ov Type        Size  Object(Section)

    ../clib/angel/boardlib.s                 0x00000000   Number         0  boardinit3.o ABSOLUTE
    ../clib/angel/boardlib.s                 0x00000000   Number         0  boardinit2.o ABSOLUTE
    ../clib/angel/boardlib.s                 0x00000000   Number         0  boardinit1.o ABSOLUTE
    ../clib/angel/boardlib.s                 0x00000000   Number         0  boardshut.o ABSOLUTE
    ../clib/angel/handlers.s                 0x00000000   Number         0  __scatter_copy.o ABSOLUTE
    ../clib/angel/handlers.s                 0x00000000   Number         0  __scatter_zi.o ABSOLUTE
    ../clib/angel/kernel.s                   0x00000000   Number         0  rtexit.o ABSOLUTE
    ../clib/angel/kernel.s                   0x00000000   Number         0  __rtentry.o ABSOLUTE
    ../clib/angel/kernel.s                   0x00000000   Number         0  __rtentry2.o ABSOLUTE
    ../clib/angel/kernel.s                   0x00000000   Number         0  __rtentry4.o ABSOLUTE
    ../clib/angel/kernel.s                   0x00000000   Number         0  rtexit2.o ABSOLUTE
    ../clib/angel/rt.s                       0x00000000   Number         0  rt_raise.o ABSOLUTE
    ../clib/angel/scatter.s                  0x00000000   Number         0  __scatter.o ABSOLUTE
    ../clib/angel/startup.s                  0x00000000   Number         0  __main.o ABSOLUTE
    ../clib/angel/sys.s                      0x00000000   Number         0  libspace.o ABSOLUTE
    ../clib/angel/sys.s                      0x00000000   Number         0  sys_stackheap_outer.o ABSOLUTE
    ../clib/angel/sys.s                      0x00000000   Number         0  indicate_semi.o ABSOLUTE
    ../clib/angel/sys.s                      0x00000000   Number         0  use_no_semi.o ABSOLUTE
    ../clib/angel/sysapp.c                   0x00000000   Number         0  sys_wrch.o ABSOLUTE
    ../clib/angel/sysapp.c                   0x00000000   Number         0  sys_command.o ABSOLUTE
    ../clib/angel/sysapp.c                   0x00000000   Number         0  sys_exit.o ABSOLUTE
    ../clib/armsys.c                         0x00000000   Number         0  argv_veneer.o ABSOLUTE
    ../clib/armsys.c                         0x00000000   Number         0  argv_veneer.o ABSOLUTE
    ../clib/armsys.c                         0x00000000   Number         0  _get_argv_nomalloc.o ABSOLUTE
    ../clib/armsys.c                         0x00000000   Number         0  no_argv.o ABSOLUTE
    ../clib/heapalloc.c                      0x00000000   Number         0  hrguard.o ABSOLUTE
    ../clib/heapaux.c                        0x00000000   Number         0  heapauxi.o ABSOLUTE
    ../clib/libinit.s                        0x00000000   Number         0  libinit.o ABSOLUTE
    ../clib/libinit.s                        0x00000000   Number         0  libinit2.o ABSOLUTE
    ../clib/libinit.s                        0x00000000   Number         0  libshutdown.o ABSOLUTE
    ../clib/libinit.s                        0x00000000   Number         0  libshutdown2.o ABSOLUTE
    ../clib/signal.c                         0x00000000   Number         0  defsig_general.o ABSOLUTE
    ../clib/signal.c                         0x00000000   Number         0  defsig_exit.o ABSOLUTE
    ../clib/signal.c                         0x00000000   Number         0  defsig_segv_inner.o ABSOLUTE
    ../clib/signal.c                         0x00000000   Number         0  defsig_other.o ABSOLUTE
    ../clib/signal.c                         0x00000000   Number         0  defsig_cppl_inner.o ABSOLUTE
    ../clib/signal.c                         0x00000000   Number         0  defsig_pvfn_inner.o ABSOLUTE
    ../clib/signal.c                         0x00000000   Number         0  defsig_stak_inner.o ABSOLUTE
    ../clib/signal.c                         0x00000000   Number         0  defsig_rtred_inner.o ABSOLUTE
    ../clib/signal.c                         0x00000000   Number         0  defsig_rtmem_outer.o ABSOLUTE
    ../clib/signal.c                         0x00000000   Number         0  defsig_rtmem_formal.o ABSOLUTE
    ../clib/signal.c                         0x00000000   Number         0  defsig_fpe_inner.o ABSOLUTE
    ../clib/signal.c                         0x00000000   Number         0  defsig_abrt_inner.o ABSOLUTE
    ../clib/signal.c                         0x00000000   Number         0  defsig_rtmem_inner.o ABSOLUTE
    ../clib/signal.c                         0x00000000   Number         0  __raise.o ABSOLUTE
    ../clib/signal.s                         0x00000000   Number         0  defsig.o ABSOLUTE
    ../clib/stdlib.c                         0x00000000   Number         0  exit.o ABSOLUTE
    ../fplib/fpinit.s                        0x00000000   Number         0  fpinit.o ABSOLUTE
    CoOS\\portable\\Keil\\port.c             0x00000000   Number         0  port.o ABSOLUTE
    CoOS\kernel\core.c                       0x00000000   Number         0  core.o ABSOLUTE
    CoOS\kernel\event.c                      0x00000000   Number         0  event.o ABSOLUTE
    CoOS\kernel\flag.c                       0x00000000   Number         0  flag.o ABSOLUTE
    CoOS\kernel\hook.c                       0x00000000   Number         0  hook.o ABSOLUTE
    CoOS\kernel\kernelHeap.c                 0x00000000   Number         0  kernelheap.o ABSOLUTE
    CoOS\kernel\mbox.c                       0x00000000   Number         0  mbox.o ABSOLUTE
    CoOS\kernel\mm.c                         0x00000000   Number         0  mm.o ABSOLUTE
    CoOS\kernel\mutex.c                      0x00000000   Number         0  mutex.o ABSOLUTE
    CoOS\kernel\queue.c                      0x00000000   Number         0  queue.o ABSOLUTE
    CoOS\kernel\sem.c                        0x00000000   Number         0  sem.o ABSOLUTE
    CoOS\kernel\serviceReq.c                 0x00000000   Number         0  servicereq.o ABSOLUTE
    CoOS\kernel\task.c                       0x00000000   Number         0  task.o ABSOLUTE
    CoOS\kernel\time.c                       0x00000000   Number         0  time.o ABSOLUTE
    CoOS\kernel\timer.c                      0x00000000   Number         0  timer.o ABSOLUTE
    CoOS\kernel\utility.c                    0x00000000   Number         0  utility.o ABSOLUTE
    CoOS\portable\Keil\port.c                0x00000000   Number         0  port.o ABSOLUTE
    CoOS\portable\arch.c                     0x00000000   Number         0  arch.o ABSOLUTE
    General\General.c                        0x00000000   Number         0  general.o ABSOLUTE
    General\\General.c                       0x00000000   Number         0  general.o ABSOLUTE
    Init\Init.c                              0x00000000   Number         0  init.o ABSOLUTE
    Init\\Init.c                             0x00000000   Number         0  init.o ABSOLUTE
    Interrupts\stm32f30x_it.c                0x00000000   Number         0  stm32f30x_it.o ABSOLUTE
    Libraries\STM32F30x_StdPeriph_Driver\src\stm32f30x_adc.c 0x00000000   Number         0  stm32f30x_adc.o ABSOLUTE
    Libraries\STM32F30x_StdPeriph_Driver\src\stm32f30x_can.c 0x00000000   Number         0  stm32f30x_can.o ABSOLUTE
    Libraries\STM32F30x_StdPeriph_Driver\src\stm32f30x_dac.c 0x00000000   Number         0  stm32f30x_dac.o ABSOLUTE
    Libraries\STM32F30x_StdPeriph_Driver\src\stm32f30x_dbgmcu.c 0x00000000   Number         0  stm32f30x_dbgmcu.o ABSOLUTE
    Libraries\STM32F30x_StdPeriph_Driver\src\stm32f30x_dma.c 0x00000000   Number         0  stm32f30x_dma.o ABSOLUTE
    Libraries\STM32F30x_StdPeriph_Driver\src\stm32f30x_exti.c 0x00000000   Number         0  stm32f30x_exti.o ABSOLUTE
    Libraries\STM32F30x_StdPeriph_Driver\src\stm32f30x_flash.c 0x00000000   Number         0  stm32f30x_flash.o ABSOLUTE
    Libraries\STM32F30x_StdPeriph_Driver\src\stm32f30x_fmc.c 0x00000000   Number         0  stm32f30x_fmc.o ABSOLUTE
    Libraries\STM32F30x_StdPeriph_Driver\src\stm32f30x_gpio.c 0x00000000   Number         0  stm32f30x_gpio.o ABSOLUTE
    Libraries\STM32F30x_StdPeriph_Driver\src\stm32f30x_hrtim.c 0x00000000   Number         0  stm32f30x_hrtim.o ABSOLUTE
    Libraries\STM32F30x_StdPeriph_Driver\src\stm32f30x_i2c.c 0x00000000   Number         0  stm32f30x_i2c.o ABSOLUTE
    Libraries\STM32F30x_StdPeriph_Driver\src\stm32f30x_iwdg.c 0x00000000   Number         0  stm32f30x_iwdg.o ABSOLUTE
    Libraries\STM32F30x_StdPeriph_Driver\src\stm32f30x_misc.c 0x00000000   Number         0  stm32f30x_misc.o ABSOLUTE
    Libraries\STM32F30x_StdPeriph_Driver\src\stm32f30x_opamp.c 0x00000000   Number         0  stm32f30x_opamp.o ABSOLUTE
    Libraries\STM32F30x_StdPeriph_Driver\src\stm32f30x_pwr.c 0x00000000   Number         0  stm32f30x_pwr.o ABSOLUTE
    Libraries\STM32F30x_StdPeriph_Driver\src\stm32f30x_rcc.c 0x00000000   Number         0  stm32f30x_rcc.o ABSOLUTE
    Libraries\STM32F30x_StdPeriph_Driver\src\stm32f30x_rtc.c 0x00000000   Number         0  stm32f30x_rtc.o ABSOLUTE
    Libraries\STM32F30x_StdPeriph_Driver\src\stm32f30x_spi.c 0x00000000   Number         0  stm32f30x_spi.o ABSOLUTE
    Libraries\STM32F30x_StdPeriph_Driver\src\stm32f30x_syscfg.c 0x00000000   Number         0  stm32f30x_syscfg.o ABSOLUTE
    Libraries\STM32F30x_StdPeriph_Driver\src\stm32f30x_tim.c 0x00000000   Number         0  stm32f30x_tim.o ABSOLUTE
    Libraries\STM32F30x_StdPeriph_Driver\src\stm32f30x_usart.c 0x00000000   Number         0  stm32f30x_usart.o ABSOLUTE
    Libraries\STM32F30x_StdPeriph_Driver\src\stm32f30x_wwdg.c 0x00000000   Number         0  stm32f30x_wwdg.o ABSOLUTE
    Libraries\\STM32F30x_StdPeriph_Driver\\src\\stm32f30x_adc.c 0x00000000   Number         0  stm32f30x_adc.o ABSOLUTE
    Libraries\\STM32F30x_StdPeriph_Driver\\src\\stm32f30x_can.c 0x00000000   Number         0  stm32f30x_can.o ABSOLUTE
    Libraries\\STM32F30x_StdPeriph_Driver\\src\\stm32f30x_dac.c 0x00000000   Number         0  stm32f30x_dac.o ABSOLUTE
    Libraries\\STM32F30x_StdPeriph_Driver\\src\\stm32f30x_dbgmcu.c 0x00000000   Number         0  stm32f30x_dbgmcu.o ABSOLUTE
    Libraries\\STM32F30x_StdPeriph_Driver\\src\\stm32f30x_dma.c 0x00000000   Number         0  stm32f30x_dma.o ABSOLUTE
    Libraries\\STM32F30x_StdPeriph_Driver\\src\\stm32f30x_exti.c 0x00000000   Number         0  stm32f30x_exti.o ABSOLUTE
    Libraries\\STM32F30x_StdPeriph_Driver\\src\\stm32f30x_flash.c 0x00000000   Number         0  stm32f30x_flash.o ABSOLUTE
    Libraries\\STM32F30x_StdPeriph_Driver\\src\\stm32f30x_fmc.c 0x00000000   Number         0  stm32f30x_fmc.o ABSOLUTE
    Libraries\\STM32F30x_StdPeriph_Driver\\src\\stm32f30x_gpio.c 0x00000000   Number         0  stm32f30x_gpio.o ABSOLUTE
    Libraries\\STM32F30x_StdPeriph_Driver\\src\\stm32f30x_hrtim.c 0x00000000   Number         0  stm32f30x_hrtim.o ABSOLUTE
    Libraries\\STM32F30x_StdPeriph_Driver\\src\\stm32f30x_i2c.c 0x00000000   Number         0  stm32f30x_i2c.o ABSOLUTE
    Libraries\\STM32F30x_StdPeriph_Driver\\src\\stm32f30x_iwdg.c 0x00000000   Number         0  stm32f30x_iwdg.o ABSOLUTE
    Libraries\\STM32F30x_StdPeriph_Driver\\src\\stm32f30x_misc.c 0x00000000   Number         0  stm32f30x_misc.o ABSOLUTE
    Libraries\\STM32F30x_StdPeriph_Driver\\src\\stm32f30x_opamp.c 0x00000000   Number         0  stm32f30x_opamp.o ABSOLUTE
    Libraries\\STM32F30x_StdPeriph_Driver\\src\\stm32f30x_pwr.c 0x00000000   Number         0  stm32f30x_pwr.o ABSOLUTE
    Libraries\\STM32F30x_StdPeriph_Driver\\src\\stm32f30x_rcc.c 0x00000000   Number         0  stm32f30x_rcc.o ABSOLUTE
    Libraries\\STM32F30x_StdPeriph_Driver\\src\\stm32f30x_rtc.c 0x00000000   Number         0  stm32f30x_rtc.o ABSOLUTE
    Libraries\\STM32F30x_StdPeriph_Driver\\src\\stm32f30x_spi.c 0x00000000   Number         0  stm32f30x_spi.o ABSOLUTE
    Libraries\\STM32F30x_StdPeriph_Driver\\src\\stm32f30x_syscfg.c 0x00000000   Number         0  stm32f30x_syscfg.o ABSOLUTE
    Libraries\\STM32F30x_StdPeriph_Driver\\src\\stm32f30x_tim.c 0x00000000   Number         0  stm32f30x_tim.o ABSOLUTE
    Libraries\\STM32F30x_StdPeriph_Driver\\src\\stm32f30x_usart.c 0x00000000   Number         0  stm32f30x_usart.o ABSOLUTE
    Libraries\\STM32F30x_StdPeriph_Driver\\src\\stm32f30x_wwdg.c 0x00000000   Number         0  stm32f30x_wwdg.o ABSOLUTE
    PetitModbus\PetitModbus.c                0x00000000   Number         0  petitmodbus.o ABSOLUTE
    PetitModbus\PetitModbusPort.c            0x00000000   Number         0  petitmodbusport.o ABSOLUTE
    PetitModbus\PetitRegConstant.c           0x00000000   Number         0  petitregconstant.o ABSOLUTE
    PetitModbus\\PetitModbusPort.c           0x00000000   Number         0  petitmodbusport.o ABSOLUTE
    Source\\main.c                           0x00000000   Number         0  main.o ABSOLUTE
    Source\main.c                            0x00000000   Number         0  main.o ABSOLUTE
    Startup\\system_stm32f30x.c              0x00000000   Number         0  system_stm32f30x.o ABSOLUTE
    Startup\startup_stm32f334x8.s            0x00000000   Number         0  startup_stm32f334x8.o ABSOLUTE
    Startup\system_stm32f30x.c               0x00000000   Number         0  system_stm32f30x.o ABSOLUTE
    dc.s                                     0x00000000   Number         0  dc.o ABSOLUTE
    RESET                                    0x08000000   Section      392  startup_stm32f334x8.o(RESET)
    !!!main                                  0x08000188   Section        8  __main.o(!!!main)
    !!!scatter                               0x08000190   Section       52  __scatter.o(!!!scatter)
    !!handler_copy                           0x080001c4   Section       26  __scatter_copy.o(!!handler_copy)
    !!handler_zi                             0x080001e0   Section       28  __scatter_zi.o(!!handler_zi)
    .ARM.Collect$$libinit$$00000000          0x080001fc   Section        2  libinit.o(.ARM.Collect$$libinit$$00000000)
    .ARM.Collect$$libinit$$00000001          0x080001fe   Section        4  libinit2.o(.ARM.Collect$$libinit$$00000001)
    .ARM.Collect$$libinit$$00000004          0x08000202   Section        0  libinit2.o(.ARM.Collect$$libinit$$00000004)
    .ARM.Collect$$libinit$$0000000A          0x08000202   Section        0  libinit2.o(.ARM.Collect$$libinit$$0000000A)
    .ARM.Collect$$libinit$$0000000C          0x08000202   Section        0  libinit2.o(.ARM.Collect$$libinit$$0000000C)
    .ARM.Collect$$libinit$$0000000E          0x08000202   Section        0  libinit2.o(.ARM.Collect$$libinit$$0000000E)
    .ARM.Collect$$libinit$$00000011          0x08000202   Section        0  libinit2.o(.ARM.Collect$$libinit$$00000011)
    .ARM.Collect$$libinit$$00000013          0x08000202   Section        0  libinit2.o(.ARM.Collect$$libinit$$00000013)
    .ARM.Collect$$libinit$$00000015          0x08000202   Section        0  libinit2.o(.ARM.Collect$$libinit$$00000015)
    .ARM.Collect$$libinit$$00000017          0x08000202   Section        0  libinit2.o(.ARM.Collect$$libinit$$00000017)
    .ARM.Collect$$libinit$$00000019          0x08000202   Section        0  libinit2.o(.ARM.Collect$$libinit$$00000019)
    .ARM.Collect$$libinit$$0000001B          0x08000202   Section        0  libinit2.o(.ARM.Collect$$libinit$$0000001B)
    .ARM.Collect$$libinit$$0000001D          0x08000202   Section        0  libinit2.o(.ARM.Collect$$libinit$$0000001D)
    .ARM.Collect$$libinit$$0000001F          0x08000202   Section        0  libinit2.o(.ARM.Collect$$libinit$$0000001F)
    .ARM.Collect$$libinit$$00000021          0x08000202   Section        0  libinit2.o(.ARM.Collect$$libinit$$00000021)
    .ARM.Collect$$libinit$$00000023          0x08000202   Section        0  libinit2.o(.ARM.Collect$$libinit$$00000023)
    .ARM.Collect$$libinit$$00000025          0x08000202   Section        0  libinit2.o(.ARM.Collect$$libinit$$00000025)
    .ARM.Collect$$libinit$$0000002C          0x08000202   Section        0  libinit2.o(.ARM.Collect$$libinit$$0000002C)
    .ARM.Collect$$libinit$$0000002E          0x08000202   Section        0  libinit2.o(.ARM.Collect$$libinit$$0000002E)
    .ARM.Collect$$libinit$$00000030          0x08000202   Section        0  libinit2.o(.ARM.Collect$$libinit$$00000030)
    .ARM.Collect$$libinit$$00000032          0x08000202   Section        0  libinit2.o(.ARM.Collect$$libinit$$00000032)
    .ARM.Collect$$libinit$$00000033          0x08000202   Section        2  libinit2.o(.ARM.Collect$$libinit$$00000033)
    .ARM.Collect$$libshutdown$$00000000      0x08000204   Section        2  libshutdown.o(.ARM.Collect$$libshutdown$$00000000)
    .ARM.Collect$$libshutdown$$00000002      0x08000206   Section        0  libshutdown2.o(.ARM.Collect$$libshutdown$$00000002)
    .ARM.Collect$$libshutdown$$00000004      0x08000206   Section        0  libshutdown2.o(.ARM.Collect$$libshutdown$$00000004)
    .ARM.Collect$$libshutdown$$00000007      0x08000206   Section        0  libshutdown2.o(.ARM.Collect$$libshutdown$$00000007)
    .ARM.Collect$$libshutdown$$0000000A      0x08000206   Section        0  libshutdown2.o(.ARM.Collect$$libshutdown$$0000000A)
    .ARM.Collect$$libshutdown$$0000000C      0x08000206   Section        0  libshutdown2.o(.ARM.Collect$$libshutdown$$0000000C)
    .ARM.Collect$$libshutdown$$0000000F      0x08000206   Section        0  libshutdown2.o(.ARM.Collect$$libshutdown$$0000000F)
    .ARM.Collect$$libshutdown$$00000010      0x08000206   Section        2  libshutdown2.o(.ARM.Collect$$libshutdown$$00000010)
    .ARM.Collect$$rtentry$$00000000          0x08000208   Section        0  __rtentry.o(.ARM.Collect$$rtentry$$00000000)
    .ARM.Collect$$rtentry$$00000002          0x08000208   Section        0  __rtentry2.o(.ARM.Collect$$rtentry$$00000002)
    .ARM.Collect$$rtentry$$00000004          0x08000208   Section        6  __rtentry4.o(.ARM.Collect$$rtentry$$00000004)
    .ARM.Collect$$rtentry$$00000009          0x0800020e   Section        0  __rtentry2.o(.ARM.Collect$$rtentry$$00000009)
    .ARM.Collect$$rtentry$$0000000A          0x0800020e   Section        4  __rtentry2.o(.ARM.Collect$$rtentry$$0000000A)
    .ARM.Collect$$rtentry$$0000000C          0x08000212   Section        0  __rtentry2.o(.ARM.Collect$$rtentry$$0000000C)
    .ARM.Collect$$rtentry$$0000000D          0x08000212   Section        8  __rtentry2.o(.ARM.Collect$$rtentry$$0000000D)
    .ARM.Collect$$rtexit$$00000000           0x0800021a   Section        2  rtexit.o(.ARM.Collect$$rtexit$$00000000)
    .ARM.Collect$$rtexit$$00000002           0x0800021c   Section        0  rtexit2.o(.ARM.Collect$$rtexit$$00000002)
    .ARM.Collect$$rtexit$$00000003           0x0800021c   Section        4  rtexit2.o(.ARM.Collect$$rtexit$$00000003)
    .ARM.Collect$$rtexit$$00000004           0x08000220   Section        6  rtexit2.o(.ARM.Collect$$rtexit$$00000004)
    .emb_text                                0x08000228   Section      144  port.o(.emb_text)
    $v0                                      0x08000228   Number         0  port.o(.emb_text)
    .text                                    0x080002b8   Section       64  startup_stm32f334x8.o(.text)
    $v0                                      0x080002b8   Number         0  startup_stm32f334x8.o(.text)
    .text                                    0x080002f8   Section        0  heapauxi.o(.text)
    .text                                    0x080002fe   Section       74  sys_stackheap_outer.o(.text)
    .text                                    0x08000348   Section        0  exit.o(.text)
    .text                                    0x0800035c   Section        8  libspace.o(.text)
    .text                                    0x08000364   Section        0  sys_exit.o(.text)
    .text                                    0x08000370   Section        2  use_no_semi.o(.text)
    .text                                    0x08000372   Section        0  indicate_semi.o(.text)
    i.BusFault_Handler                       0x08000372   Section        0  stm32f30x_it.o(i.BusFault_Handler)
    i.CheckPetitModbusBufferComplete         0x08000374   Section        0  petitmodbus.o(i.CheckPetitModbusBufferComplete)
    i.CoCreateKheap                          0x080003dc   Section        0  kernelheap.o(i.CoCreateKheap)
    i.CoIdleTask                             0x08000400   Section        0  hook.o(i.CoIdleTask)
    i.CoInitOS                               0x08000404   Section        0  core.o(i.CoInitOS)
    i.CoPostMail                             0x0800046c   Section        0  mbox.o(i.CoPostMail)
    i.CoPostQueueMail                        0x080004b0   Section        0  queue.o(i.CoPostQueueMail)
    i.CoPostSem                              0x08000514   Section        0  sem.o(i.CoPostSem)
    i.CoSetFlag                              0x0800055c   Section        0  flag.o(i.CoSetFlag)
    i.CoStartOS                              0x080005c0   Section        0  core.o(i.CoStartOS)
    i.CoStkOverflowHook                      0x080005e8   Section        0  hook.o(i.CoStkOverflowHook)
    i.CoTickDelay                            0x080005ec   Section        0  time.o(i.CoTickDelay)
    i.CreateEventList                        0x08000634   Section        0  event.o(i.CreateEventList)
    i.CreateTCBList                          0x08000678   Section        0  task.o(i.CreateTCBList)
    i.CreateTask                             0x080006ac   Section        0  task.o(i.CreateTask)
    i.DebugMon_Handler                       0x08000768   Section        0  stm32f30x_it.o(i.DebugMon_Handler)
    i.EventTaskToRdy                         0x0800076c   Section        0  event.o(i.EventTaskToRdy)
    i.GPIO_Init                              0x080007dc   Section        0  stm32f30x_gpio.o(i.GPIO_Init)
    i.GPIO_PinAFConfig                       0x08000850   Section        0  stm32f30x_gpio.o(i.GPIO_PinAFConfig)
    i.GPIO_ReadInputDataBit                  0x08000870   Section        0  stm32f30x_gpio.o(i.GPIO_ReadInputDataBit)
    i.GPIO_WriteBit                          0x0800087e   Section        0  stm32f30x_gpio.o(i.GPIO_WriteBit)
    i.General_GPIO_Init                      0x08000888   Section        0  init.o(i.General_GPIO_Init)
    i.General_Timer_Init                     0x080008dc   Section        0  init.o(i.General_Timer_Init)
    i.General_USART_Init                     0x08000934   Section        0  init.o(i.General_USART_Init)
    i.HandleMPetitodbusWriteMultipleRegisters 0x080009e4   Section        0  petitmodbus.o(i.HandleMPetitodbusWriteMultipleRegisters)
    i.HandlePetitModbusError                 0x08000a70   Section        0  petitmodbus.o(i.HandlePetitModbusError)
    i.HandlePetitModbusReadHoldingRegisters  0x08000a90   Section        0  petitmodbus.o(i.HandlePetitModbusReadHoldingRegisters)
    i.HandlePetitModbusWriteSingleRegister   0x08000b1c   Section        0  petitmodbus.o(i.HandlePetitModbusWriteSingleRegister)
    i.HardFault_Handler                      0x08000b80   Section        0  stm32f30x_it.o(i.HardFault_Handler)
    i.InitPetitModbus                        0x08000b84   Section        0  petitmodbus.o(i.InitPetitModbus)
    i.InitTaskContext                        0x08000b9c   Section        0  arch.o(i.InitTaskContext)
    i.InsertDelayList                        0x08000bbc   Section        0  time.o(i.InsertDelayList)
    i.InsertTmrList                          0x08000c20   Section        0  timer.o(i.InsertTmrList)
    InsertTmrList                            0x08000c21   Thumb Code   108  timer.o(i.InsertTmrList)
    i.InsertToTCBRdyList                     0x08000c98   Section        0  task.o(i.InsertToTCBRdyList)
    i.MemManage_Handler                      0x08000d14   Section        0  stm32f30x_it.o(i.MemManage_Handler)
    i.NMI_Handler                            0x08000d16   Section        0  stm32f30x_it.o(i.NMI_Handler)
    i.NVIC_Init                              0x08000d18   Section        0  stm32f30x_misc.o(i.NVIC_Init)
    i.OsSchedUnlock                          0x08000d7c   Section        0  core.o(i.OsSchedUnlock)
    i.PetitModBus_TIMER_Initialise           0x08000db0   Section        0  petitmodbusport.o(i.PetitModBus_TIMER_Initialise)
    i.PetitModBus_TimerValues                0x08000db4   Section        0  petitmodbusport.o(i.PetitModBus_TimerValues)
    i.PetitModBus_UART_Initialise            0x08000dc4   Section        0  petitmodbusport.o(i.PetitModBus_UART_Initialise)
    i.PetitModBus_UART_Putch                 0x08000dc8   Section        0  petitmodbusport.o(i.PetitModBus_UART_Putch)
    i.PetitModBus_UART_String                0x08000dec   Section        0  petitmodbusport.o(i.PetitModBus_UART_String)
    i.PetitSendMessage                       0x08000e08   Section        0  petitmodbus.o(i.PetitSendMessage)
    i.Petit_CRC16                            0x08000e24   Section        0  petitmodbus.o(i.Petit_CRC16)
    i.Petit_CheckRxTimeout                   0x08000e48   Section        0  petitmodbus.o(i.Petit_CheckRxTimeout)
    i.Petit_DoSlaveTX                        0x08000e68   Section        0  petitmodbus.o(i.Petit_DoSlaveTX)
    i.Petit_RxDataAvailable                  0x08000e84   Section        0  petitmodbus.o(i.Petit_RxDataAvailable)
    i.Petit_RxRTU                            0x08000e94   Section        0  petitmodbus.o(i.Petit_RxRTU)
    i.Petit_TxRTU                            0x08000f60   Section        0  petitmodbus.o(i.Petit_TxRTU)
    i.ProcessPetitModbus                     0x08000fe0   Section        0  petitmodbus.o(i.ProcessPetitModbus)
    i.RCC_AHBPeriphClockCmd                  0x0800103c   Section        0  stm32f30x_rcc.o(i.RCC_AHBPeriphClockCmd)
    i.RCC_APB1PeriphClockCmd                 0x08001054   Section        0  stm32f30x_rcc.o(i.RCC_APB1PeriphClockCmd)
    i.RCC_APB1PeriphResetCmd                 0x0800106c   Section        0  stm32f30x_rcc.o(i.RCC_APB1PeriphResetCmd)
    i.RCC_APB2PeriphResetCmd                 0x08001084   Section        0  stm32f30x_rcc.o(i.RCC_APB2PeriphResetCmd)
    i.RCC_GetClocksFreq                      0x0800109c   Section        0  stm32f30x_rcc.o(i.RCC_GetClocksFreq)
    i.RemoveDelayList                        0x0800139c   Section        0  time.o(i.RemoveDelayList)
    i.RemoveEventWaittingList                0x080013ec   Section        0  event.o(i.RemoveEventWaittingList)
    i.RemoveFromLink                         0x0800142c   Section        0  flag.o(i.RemoveFromLink)
    RemoveFromLink                           0x0800142d   Thumb Code    52  flag.o(i.RemoveFromLink)
    i.RemoveFromTCBRdyList                   0x08001464   Section        0  task.o(i.RemoveFromTCBRdyList)
    i.RemoveLinkNode                         0x08001498   Section        0  flag.o(i.RemoveLinkNode)
    i.RemoveTmrList                          0x080014d0   Section        0  timer.o(i.RemoveTmrList)
    RemoveTmrList                            0x080014d1   Thumb Code    98  timer.o(i.RemoveTmrList)
    i.RespondSRQ                             0x08001540   Section        0  servicereq.o(i.RespondSRQ)
    i.SVC_Handler                            0x080015ec   Section        0  stm32f30x_it.o(i.SVC_Handler)
    i.Schedule                               0x080015f0   Section        0  task.o(i.Schedule)
    i.SetSysClock                            0x080016b8   Section        0  system_stm32f30x.o(i.SetSysClock)
    SetSysClock                              0x080016b9   Thumb Code   140  system_stm32f30x.o(i.SetSysClock)
    i.SysTick_Handler                        0x0800174c   Section        0  arch.o(i.SysTick_Handler)
    i.SystemInit                             0x080017bc   Section        0  system_stm32f30x.o(i.SystemInit)
    i.TIM3_IRQHandler                        0x0800182c   Section        0  petitmodbusport.o(i.TIM3_IRQHandler)
    i.TIM_ClearITPendingBit                  0x08001854   Section        0  stm32f30x_tim.o(i.TIM_ClearITPendingBit)
    i.TIM_Cmd                                0x0800185c   Section        0  stm32f30x_tim.o(i.TIM_Cmd)
    i.TIM_GetITStatus                        0x08001870   Section        0  stm32f30x_tim.o(i.TIM_GetITStatus)
    i.TIM_ITConfig                           0x08001888   Section        0  stm32f30x_tim.o(i.TIM_ITConfig)
    i.TIM_TimeBaseInit                       0x0800189c   Section        0  stm32f30x_tim.o(i.TIM_TimeBaseInit)
    i.Task_1                                 0x0800193c   Section        0  main.o(i.Task_1)
    i.Task_2                                 0x08001948   Section        0  main.o(i.Task_2)
    i.Task_3                                 0x080019b4   Section        0  main.o(i.Task_3)
    i.Task_4                                 0x080019d4   Section        0  main.o(i.Task_4)
    i.TimeDispose                            0x080019ec   Section        0  time.o(i.TimeDispose)
    i.TmrDispose                             0x08001a38   Section        0  timer.o(i.TmrDispose)
    i.USART2_IRQHandler                      0x08001a7c   Section        0  petitmodbusport.o(i.USART2_IRQHandler)
    i.USART_ClearFlag                        0x08001acc   Section        0  stm32f30x_usart.o(i.USART_ClearFlag)
    i.USART_Cmd                              0x08001ad0   Section        0  stm32f30x_usart.o(i.USART_Cmd)
    i.USART_DeInit                           0x08001ae4   Section        0  stm32f30x_usart.o(i.USART_DeInit)
    i.USART_GetFlagStatus                    0x08001b58   Section        0  stm32f30x_usart.o(i.USART_GetFlagStatus)
    i.USART_GetITStatus                      0x08001b66   Section        0  stm32f30x_usart.o(i.USART_GetITStatus)
    i.USART_ITConfig                         0x08001ba0   Section        0  stm32f30x_usart.o(i.USART_ITConfig)
    i.USART_Init                             0x08001bc8   Section        0  stm32f30x_usart.o(i.USART_Init)
    i.USART_ReceiveData                      0x08001c90   Section        0  stm32f30x_usart.o(i.USART_ReceiveData)
    i.USART_SendData                         0x08001c98   Section        0  stm32f30x_usart.o(i.USART_SendData)
    i.UsageFault_Handler                     0x08001ca0   Section        0  stm32f30x_it.o(i.UsageFault_Handler)
    i.isr_TimeDispose                        0x08001ca4   Section        0  time.o(i.isr_TimeDispose)
    i.isr_TmrDispose                         0x08001cc8   Section        0  timer.o(i.isr_TmrDispose)
    i.main                                   0x08001cec   Section        0  main.o(i.main)
    x$fpl$fpinit                             0x08001d5c   Section       10  fpinit.o(x$fpl$fpinit)
    $v0                                      0x08001d5c   Number         0  fpinit.o(x$fpl$fpinit)
    .data                                    0x20000000   Section       48  stm32f30x_rcc.o(.data)
    APBAHBPrescTable                         0x20000000   Data          16  stm32f30x_rcc.o(.data)
    ADCPrescTable                            0x20000010   Data          32  stm32f30x_rcc.o(.data)
    .data                                    0x20000030   Section        3  core.o(.data)
    .data                                    0x20000034   Section        4  event.o(.data)
    .data                                    0x20000038   Section       12  kernelheap.o(.data)
    .data                                    0x20000044   Section        3  servicereq.o(.data)
    .data                                    0x20000048   Section       24  task.o(.data)
    .data                                    0x20000060   Section        4  time.o(.data)
    .data                                    0x20000064   Section        8  timer.o(.data)
    .data                                    0x20000070   Section        8  arch.o(.data)
    .data                                    0x20000078   Section       24  petitmodbus.o(.data)
    .data                                    0x20000090   Section        1  petitmodbusport.o(.data)
    .bss                                     0x20000094   Section     2048  main.o(.bss)
    .bss                                     0x20000894   Section      320  event.o(.bss)
    .bss                                     0x200009d4   Section       20  flag.o(.bss)
    .bss                                     0x200009e8   Section      200  kernelheap.o(.bss)
    .bss                                     0x20000ab0   Section       44  servicereq.o(.bss)
    .bss                                     0x20000adc   Section      308  task.o(.bss)
    .bss                                     0x20000c10   Section      232  task.o(.bss)
    .bss                                     0x20000cf8   Section       48  timer.o(.bss)
    .bss                                     0x20000d28   Section     2116  petitmodbus.o(.bss)
    .bss                                     0x2000156c   Section       50  petitmodbusport.o(.bss)
    .bss                                     0x2000159e   Section      600  petitregconstant.o(.bss)
    .bss                                     0x200017f8   Section       96  libspace.o(.bss)
    HEAP                                     0x20001858   Section      512  startup_stm32f334x8.o(HEAP)
    Heap_Mem                                 0x20001858   Data         512  startup_stm32f334x8.o(HEAP)
    STACK                                    0x20001a58   Section     1024  startup_stm32f334x8.o(STACK)
    Stack_Mem                                0x20001a58   Data        1024  startup_stm32f334x8.o(STACK)
    __initial_sp                             0x20001e58   Data           0  startup_stm32f334x8.o(STACK)

    Global Symbols

    Symbol Name                              Value     Ov Type        Size  Object(Section)

    BuildAttributes$$THM_ISAv4$E$P$D$K$B$S$7EM$VFPi3$EXTD16$VFPS$VFMA$PE$A:L22UL41UL21$X:L11$S22US41US21$IEEE1$IW$USESV6$~STKCKD$USESV7$~SHL$OSPACE$ROPI$EBA8$UX$STANDARDLIB$REQ8$EABIv2 0x00000000   Number         0  anon$$obj.o ABSOLUTE
    __ARM_use_no_argv                        0x00000000   Number         0  main.o ABSOLUTE
    __ARM_exceptions_init                     - Undefined Weak Reference
    __alloca_initialize                       - Undefined Weak Reference
    __arm_preinit_                            - Undefined Weak Reference
    __cpp_initialize__aeabi_                  - Undefined Weak Reference
    __cxa_finalize                            - Undefined Weak Reference
    __rt_locale                               - Undefined Weak Reference
    __sigvec_lookup                           - Undefined Weak Reference
    _atexit_init                              - Undefined Weak Reference
    _call_atexit_fns                          - Undefined Weak Reference
    _clock_init                               - Undefined Weak Reference
    _fp_trap_init                             - Undefined Weak Reference
    _fp_trap_shutdown                         - Undefined Weak Reference
    _get_lc_collate                           - Undefined Weak Reference
    _get_lc_ctype                             - Undefined Weak Reference
    _get_lc_monetary                          - Undefined Weak Reference
    _get_lc_numeric                           - Undefined Weak Reference
    _get_lc_time                              - Undefined Weak Reference
    _getenv_init                              - Undefined Weak Reference
    _handle_redirection                       - Undefined Weak Reference
    _init_alloc                               - Undefined Weak Reference
    _init_user_alloc                          - Undefined Weak Reference
    _initio                                   - Undefined Weak Reference
    _rand_init                                - Undefined Weak Reference
    _signal_finish                            - Undefined Weak Reference
    _signal_init                              - Undefined Weak Reference
    _terminate_alloc                          - Undefined Weak Reference
    _terminate_user_alloc                     - Undefined Weak Reference
    _terminateio                              - Undefined Weak Reference
    __Vectors_Size                           0x00000188   Number         0  startup_stm32f334x8.o ABSOLUTE
    __Vectors                                0x08000000   Data           4  startup_stm32f334x8.o(RESET)
    __Vectors_End                            0x08000188   Data           0  startup_stm32f334x8.o(RESET)
    __main                                   0x08000189   Thumb Code     8  __main.o(!!!main)
    __scatterload                            0x08000191   Thumb Code     0  __scatter.o(!!!scatter)
    __scatterload_rt2                        0x08000191   Thumb Code    44  __scatter.o(!!!scatter)
    __scatterload_rt2_thumb_only             0x08000191   Thumb Code     0  __scatter.o(!!!scatter)
    __scatterload_null                       0x0800019f   Thumb Code     0  __scatter.o(!!!scatter)
    __scatterload_copy                       0x080001c5   Thumb Code    26  __scatter_copy.o(!!handler_copy)
    __scatterload_zeroinit                   0x080001e1   Thumb Code    28  __scatter_zi.o(!!handler_zi)
    __rt_lib_init                            0x080001fd   Thumb Code     0  libinit.o(.ARM.Collect$$libinit$$00000000)
    __rt_lib_init_fp_1                       0x080001ff   Thumb Code     0  libinit2.o(.ARM.Collect$$libinit$$00000001)
    __rt_lib_init_alloca_1                   0x08000203   Thumb Code     0  libinit2.o(.ARM.Collect$$libinit$$0000002E)
    __rt_lib_init_argv_1                     0x08000203   Thumb Code     0  libinit2.o(.ARM.Collect$$libinit$$0000002C)
    __rt_lib_init_atexit_1                   0x08000203   Thumb Code     0  libinit2.o(.ARM.Collect$$libinit$$0000001B)
    __rt_lib_init_clock_1                    0x08000203   Thumb Code     0  libinit2.o(.ARM.Collect$$libinit$$00000021)
    __rt_lib_init_cpp_1                      0x08000203   Thumb Code     0  libinit2.o(.ARM.Collect$$libinit$$00000032)
    __rt_lib_init_exceptions_1               0x08000203   Thumb Code     0  libinit2.o(.ARM.Collect$$libinit$$00000030)
    __rt_lib_init_fp_trap_1                  0x08000203   Thumb Code     0  libinit2.o(.ARM.Collect$$libinit$$0000001F)
    __rt_lib_init_getenv_1                   0x08000203   Thumb Code     0  libinit2.o(.ARM.Collect$$libinit$$00000023)
    __rt_lib_init_heap_1                     0x08000203   Thumb Code     0  libinit2.o(.ARM.Collect$$libinit$$0000000A)
    __rt_lib_init_lc_collate_1               0x08000203   Thumb Code     0  libinit2.o(.ARM.Collect$$libinit$$00000011)
    __rt_lib_init_lc_ctype_1                 0x08000203   Thumb Code     0  libinit2.o(.ARM.Collect$$libinit$$00000013)
    __rt_lib_init_lc_monetary_1              0x08000203   Thumb Code     0  libinit2.o(.ARM.Collect$$libinit$$00000015)
    __rt_lib_init_lc_numeric_1               0x08000203   Thumb Code     0  libinit2.o(.ARM.Collect$$libinit$$00000017)
    __rt_lib_init_lc_time_1                  0x08000203   Thumb Code     0  libinit2.o(.ARM.Collect$$libinit$$00000019)
    __rt_lib_init_preinit_1                  0x08000203   Thumb Code     0  libinit2.o(.ARM.Collect$$libinit$$00000004)
    __rt_lib_init_rand_1                     0x08000203   Thumb Code     0  libinit2.o(.ARM.Collect$$libinit$$0000000E)
    __rt_lib_init_return                     0x08000203   Thumb Code     0  libinit2.o(.ARM.Collect$$libinit$$00000033)
    __rt_lib_init_signal_1                   0x08000203   Thumb Code     0  libinit2.o(.ARM.Collect$$libinit$$0000001D)
    __rt_lib_init_stdio_1                    0x08000203   Thumb Code     0  libinit2.o(.ARM.Collect$$libinit$$00000025)
    __rt_lib_init_user_alloc_1               0x08000203   Thumb Code     0  libinit2.o(.ARM.Collect$$libinit$$0000000C)
    __rt_lib_shutdown                        0x08000205   Thumb Code     0  libshutdown.o(.ARM.Collect$$libshutdown$$00000000)
    __rt_lib_shutdown_cpp_1                  0x08000207   Thumb Code     0  libshutdown2.o(.ARM.Collect$$libshutdown$$00000002)
    __rt_lib_shutdown_fp_trap_1              0x08000207   Thumb Code     0  libshutdown2.o(.ARM.Collect$$libshutdown$$00000007)
    __rt_lib_shutdown_heap_1                 0x08000207   Thumb Code     0  libshutdown2.o(.ARM.Collect$$libshutdown$$0000000F)
    __rt_lib_shutdown_return                 0x08000207   Thumb Code     0  libshutdown2.o(.ARM.Collect$$libshutdown$$00000010)
    __rt_lib_shutdown_signal_1               0x08000207   Thumb Code     0  libshutdown2.o(.ARM.Collect$$libshutdown$$0000000A)
    __rt_lib_shutdown_stdio_1                0x08000207   Thumb Code     0  libshutdown2.o(.ARM.Collect$$libshutdown$$00000004)
    __rt_lib_shutdown_user_alloc_1           0x08000207   Thumb Code     0  libshutdown2.o(.ARM.Collect$$libshutdown$$0000000C)
    __rt_entry                               0x08000209   Thumb Code     0  __rtentry.o(.ARM.Collect$$rtentry$$00000000)
    __rt_entry_presh_1                       0x08000209   Thumb Code     0  __rtentry2.o(.ARM.Collect$$rtentry$$00000002)
    __rt_entry_sh                            0x08000209   Thumb Code     0  __rtentry4.o(.ARM.Collect$$rtentry$$00000004)
    __rt_entry_li                            0x0800020f   Thumb Code     0  __rtentry2.o(.ARM.Collect$$rtentry$$0000000A)
    __rt_entry_postsh_1                      0x0800020f   Thumb Code     0  __rtentry2.o(.ARM.Collect$$rtentry$$00000009)
    __rt_entry_main                          0x08000213   Thumb Code     0  __rtentry2.o(.ARM.Collect$$rtentry$$0000000D)
    __rt_entry_postli_1                      0x08000213   Thumb Code     0  __rtentry2.o(.ARM.Collect$$rtentry$$0000000C)
    __rt_exit                                0x0800021b   Thumb Code     0  rtexit.o(.ARM.Collect$$rtexit$$00000000)
    __rt_exit_ls                             0x0800021d   Thumb Code     0  rtexit2.o(.ARM.Collect$$rtexit$$00000003)
    __rt_exit_prels_1                        0x0800021d   Thumb Code     0  rtexit2.o(.ARM.Collect$$rtexit$$00000002)
    __rt_exit_exit                           0x08000221   Thumb Code     0  rtexit2.o(.ARM.Collect$$rtexit$$00000004)
    Inc8                                     0x08000229   Thumb Code    20  port.o(.emb_text)
    Dec8                                     0x0800023d   Thumb Code    20  port.o(.emb_text)
    IRQ_ENABLE_RESTORE                       0x08000251   Thumb Code     4  port.o(.emb_text)
    IRQ_DISABLE_SAVE                         0x08000255   Thumb Code     4  port.o(.emb_text)
    SetEnvironment                           0x08000259   Thumb Code     8  port.o(.emb_text)
    SwitchContext                            0x08000261   Thumb Code    12  port.o(.emb_text)
    PendSV_Handler                           0x08000271   Thumb Code    60  port.o(.emb_text)
    Reset_Handler                            0x080002b9   Thumb Code     8  startup_stm32f334x8.o(.text)
    ADC1_2_IRQHandler                        0x080002d3   Thumb Code     0  startup_stm32f334x8.o(.text)
    CAN1_RX0_IRQHandler                      0x080002d3   Thumb Code     0  startup_stm32f334x8.o(.text)
    CAN1_RX1_IRQHandler                      0x080002d3   Thumb Code     0  startup_stm32f334x8.o(.text)
    CAN1_SCE_IRQHandler                      0x080002d3   Thumb Code     0  startup_stm32f334x8.o(.text)
    CAN1_TX_IRQHandler                       0x080002d3   Thumb Code     0  startup_stm32f334x8.o(.text)
    COMP2_IRQHandler                         0x080002d3   Thumb Code     0  startup_stm32f334x8.o(.text)
    COMP4_6_IRQHandler                       0x080002d3   Thumb Code     0  startup_stm32f334x8.o(.text)
    DMA1_Channel1_IRQHandler                 0x080002d3   Thumb Code     0  startup_stm32f334x8.o(.text)
    DMA1_Channel2_IRQHandler                 0x080002d3   Thumb Code     0  startup_stm32f334x8.o(.text)
    DMA1_Channel3_IRQHandler                 0x080002d3   Thumb Code     0  startup_stm32f334x8.o(.text)
    DMA1_Channel4_IRQHandler                 0x080002d3   Thumb Code     0  startup_stm32f334x8.o(.text)
    DMA1_Channel5_IRQHandler                 0x080002d3   Thumb Code     0  startup_stm32f334x8.o(.text)
    DMA1_Channel6_IRQHandler                 0x080002d3   Thumb Code     0  startup_stm32f334x8.o(.text)
    DMA1_Channel7_IRQHandler                 0x080002d3   Thumb Code     0  startup_stm32f334x8.o(.text)
    EXTI0_IRQHandler                         0x080002d3   Thumb Code     0  startup_stm32f334x8.o(.text)
    EXTI15_10_IRQHandler                     0x080002d3   Thumb Code     0  startup_stm32f334x8.o(.text)
    EXTI1_IRQHandler                         0x080002d3   Thumb Code     0  startup_stm32f334x8.o(.text)
    EXTI2_TS_IRQHandler                      0x080002d3   Thumb Code     0  startup_stm32f334x8.o(.text)
    EXTI3_IRQHandler                         0x080002d3   Thumb Code     0  startup_stm32f334x8.o(.text)
    EXTI4_IRQHandler                         0x080002d3   Thumb Code     0  startup_stm32f334x8.o(.text)
    EXTI9_5_IRQHandler                       0x080002d3   Thumb Code     0  startup_stm32f334x8.o(.text)
    FLASH_IRQHandler                         0x080002d3   Thumb Code     0  startup_stm32f334x8.o(.text)
    FPU_IRQHandler                           0x080002d3   Thumb Code     0  startup_stm32f334x8.o(.text)
    HRTIM1_FLT_IRQHandler                    0x080002d3   Thumb Code     0  startup_stm32f334x8.o(.text)
    HRTIM1_Master_IRQHandler                 0x080002d3   Thumb Code     0  startup_stm32f334x8.o(.text)
    HRTIM1_TIMA_IRQHandler                   0x080002d3   Thumb Code     0  startup_stm32f334x8.o(.text)
    HRTIM1_TIMB_IRQHandler                   0x080002d3   Thumb Code     0  startup_stm32f334x8.o(.text)
    HRTIM1_TIMC_IRQHandler                   0x080002d3   Thumb Code     0  startup_stm32f334x8.o(.text)
    HRTIM1_TIMD_IRQHandler                   0x080002d3   Thumb Code     0  startup_stm32f334x8.o(.text)
    HRTIM1_TIME_IRQHandler                   0x080002d3   Thumb Code     0  startup_stm32f334x8.o(.text)
    I2C1_ER_IRQHandler                       0x080002d3   Thumb Code     0  startup_stm32f334x8.o(.text)
    I2C1_EV_IRQHandler                       0x080002d3   Thumb Code     0  startup_stm32f334x8.o(.text)
    PVD_IRQHandler                           0x080002d3   Thumb Code     0  startup_stm32f334x8.o(.text)
    RCC_IRQHandler                           0x080002d3   Thumb Code     0  startup_stm32f334x8.o(.text)
    RTC_Alarm_IRQHandler                     0x080002d3   Thumb Code     0  startup_stm32f334x8.o(.text)
    RTC_WKUP_IRQHandler                      0x080002d3   Thumb Code     0  startup_stm32f334x8.o(.text)
    SPI1_IRQHandler                          0x080002d3   Thumb Code     0  startup_stm32f334x8.o(.text)
    TAMPER_STAMP_IRQHandler                  0x080002d3   Thumb Code     0  startup_stm32f334x8.o(.text)
    TIM1_BRK_TIM15_IRQHandler                0x080002d3   Thumb Code     0  startup_stm32f334x8.o(.text)
    TIM1_CC_IRQHandler                       0x080002d3   Thumb Code     0  startup_stm32f334x8.o(.text)
    TIM1_TRG_COM_TIM17_IRQHandler            0x080002d3   Thumb Code     0  startup_stm32f334x8.o(.text)
    TIM1_UP_TIM16_IRQHandler                 0x080002d3   Thumb Code     0  startup_stm32f334x8.o(.text)
    TIM2_IRQHandler                          0x080002d3   Thumb Code     0  startup_stm32f334x8.o(.text)
    TIM6_DAC1_IRQHandler                     0x080002d3   Thumb Code     0  startup_stm32f334x8.o(.text)
    TIM7_DAC2_IRQHandler                     0x080002d3   Thumb Code     0  startup_stm32f334x8.o(.text)
    USART1_IRQHandler                        0x080002d3   Thumb Code     0  startup_stm32f334x8.o(.text)
    USART3_IRQHandler                        0x080002d3   Thumb Code     0  startup_stm32f334x8.o(.text)
    WWDG_IRQHandler                          0x080002d3   Thumb Code     0  startup_stm32f334x8.o(.text)
    __user_initial_stackheap                 0x080002d5   Thumb Code     0  startup_stm32f334x8.o(.text)
    __use_two_region_memory                  0x080002f9   Thumb Code     2  heapauxi.o(.text)
    __rt_heap_escrow$2region                 0x080002fb   Thumb Code     2  heapauxi.o(.text)
    __rt_heap_expand$2region                 0x080002fd   Thumb Code     2  heapauxi.o(.text)
    __user_setup_stackheap                   0x080002ff   Thumb Code    74  sys_stackheap_outer.o(.text)
    exit                                     0x08000349   Thumb Code    18  exit.o(.text)
    __user_libspace                          0x0800035d   Thumb Code     8  libspace.o(.text)
    __user_perproc_libspace                  0x0800035d   Thumb Code     0  libspace.o(.text)
    __user_perthread_libspace                0x0800035d   Thumb Code     0  libspace.o(.text)
    _sys_exit                                0x08000365   Thumb Code     8  sys_exit.o(.text)
    __I$use$semihosting                      0x08000371   Thumb Code     0  use_no_semi.o(.text)
    __use_no_semihosting_swi                 0x08000371   Thumb Code     2  use_no_semi.o(.text)
    BusFault_Handler                         0x08000373   Thumb Code     2  stm32f30x_it.o(i.BusFault_Handler)
    __semihosting_library_function           0x08000373   Thumb Code     0  indicate_semi.o(.text)
    CheckPetitModbusBufferComplete           0x08000375   Thumb Code    90  petitmodbus.o(i.CheckPetitModbusBufferComplete)
    CoCreateKheap                            0x080003dd   Thumb Code    26  kernelheap.o(i.CoCreateKheap)
    CoIdleTask                               0x08000401   Thumb Code     2  hook.o(i.CoIdleTask)
    CoInitOS                                 0x08000405   Thumb Code    80  core.o(i.CoInitOS)
    CoPostMail                               0x0800046d   Thumb Code    60  mbox.o(i.CoPostMail)
    CoPostQueueMail                          0x080004b1   Thumb Code    92  queue.o(i.CoPostQueueMail)
    CoPostSem                                0x08000515   Thumb Code    62  sem.o(i.CoPostSem)
    CoSetFlag                                0x0800055d   Thumb Code    92  flag.o(i.CoSetFlag)
    CoStartOS                                0x080005c1   Thumb Code    28  core.o(i.CoStartOS)
    CoStkOverflowHook                        0x080005e9   Thumb Code     2  hook.o(i.CoStkOverflowHook)
    CoTickDelay                              0x080005ed   Thumb Code    58  time.o(i.CoTickDelay)
    CreateEventList                          0x08000635   Thumb Code    60  event.o(i.CreateEventList)
    CreateTCBList                            0x08000679   Thumb Code    42  task.o(i.CreateTCBList)
    CreateTask                               0x080006ad   Thumb Code   176  task.o(i.CreateTask)
    DebugMon_Handler                         0x08000769   Thumb Code     2  stm32f30x_it.o(i.DebugMon_Handler)
    EventTaskToRdy                           0x0800076d   Thumb Code   108  event.o(i.EventTaskToRdy)
    GPIO_Init                                0x080007dd   Thumb Code   116  stm32f30x_gpio.o(i.GPIO_Init)
    GPIO_PinAFConfig                         0x08000851   Thumb Code    32  stm32f30x_gpio.o(i.GPIO_PinAFConfig)
    GPIO_ReadInputDataBit                    0x08000871   Thumb Code    14  stm32f30x_gpio.o(i.GPIO_ReadInputDataBit)
    GPIO_WriteBit                            0x0800087f   Thumb Code    10  stm32f30x_gpio.o(i.GPIO_WriteBit)
    General_GPIO_Init                        0x08000889   Thumb Code    80  init.o(i.General_GPIO_Init)
    General_Timer_Init                       0x080008dd   Thumb Code    82  init.o(i.General_Timer_Init)
    General_USART_Init                       0x08000935   Thumb Code   160  init.o(i.General_USART_Init)
    HandleMPetitodbusWriteMultipleRegisters  0x080009e5   Thumb Code   122  petitmodbus.o(i.HandleMPetitodbusWriteMultipleRegisters)
    HandlePetitModbusError                   0x08000a71   Thumb Code    24  petitmodbus.o(i.HandlePetitModbusError)
    HandlePetitModbusReadHoldingRegisters    0x08000a91   Thumb Code   122  petitmodbus.o(i.HandlePetitModbusReadHoldingRegisters)
    HandlePetitModbusWriteSingleRegister     0x08000b1d   Thumb Code    86  petitmodbus.o(i.HandlePetitModbusWriteSingleRegister)
    HardFault_Handler                        0x08000b81   Thumb Code     2  stm32f30x_it.o(i.HardFault_Handler)
    InitPetitModbus                          0x08000b85   Thumb Code    18  petitmodbus.o(i.InitPetitModbus)
    InitTaskContext                          0x08000b9d   Thumb Code    32  arch.o(i.InitTaskContext)
    InsertDelayList                          0x08000bbd   Thumb Code    92  time.o(i.InsertDelayList)
    InsertToTCBRdyList                       0x08000c99   Thumb Code   112  task.o(i.InsertToTCBRdyList)
    MemManage_Handler                        0x08000d15   Thumb Code     2  stm32f30x_it.o(i.MemManage_Handler)
    NMI_Handler                              0x08000d17   Thumb Code     2  stm32f30x_it.o(i.NMI_Handler)
    NVIC_Init                                0x08000d19   Thumb Code    94  stm32f30x_misc.o(i.NVIC_Init)
    OsSchedUnlock                            0x08000d7d   Thumb Code    44  core.o(i.OsSchedUnlock)
    PetitModBus_TIMER_Initialise             0x08000db1   Thumb Code     4  petitmodbusport.o(i.PetitModBus_TIMER_Initialise)
    PetitModBus_TimerValues                  0x08000db5   Thumb Code    10  petitmodbusport.o(i.PetitModBus_TimerValues)
    PetitModBus_UART_Initialise              0x08000dc5   Thumb Code     4  petitmodbusport.o(i.PetitModBus_UART_Initialise)
    PetitModBus_UART_Putch                   0x08000dc9   Thumb Code    30  petitmodbusport.o(i.PetitModBus_UART_Putch)
    PetitModBus_UART_String                  0x08000ded   Thumb Code    26  petitmodbusport.o(i.PetitModBus_UART_String)
    PetitSendMessage                         0x08000e09   Thumb Code    22  petitmodbus.o(i.PetitSendMessage)
    Petit_CRC16                              0x08000e25   Thumb Code    34  petitmodbus.o(i.Petit_CRC16)
    Petit_CheckRxTimeout                     0x08000e49   Thumb Code    24  petitmodbus.o(i.Petit_CheckRxTimeout)
    Petit_DoSlaveTX                          0x08000e69   Thumb Code    20  petitmodbus.o(i.Petit_DoSlaveTX)
    Petit_RxDataAvailable                    0x08000e85   Thumb Code    10  petitmodbus.o(i.Petit_RxDataAvailable)
    Petit_RxRTU                              0x08000e95   Thumb Code   188  petitmodbus.o(i.Petit_RxRTU)
    Petit_TxRTU                              0x08000f61   Thumb Code   120  petitmodbus.o(i.Petit_TxRTU)
    ProcessPetitModbus                       0x08000fe1   Thumb Code    84  petitmodbus.o(i.ProcessPetitModbus)
    RCC_AHBPeriphClockCmd                    0x0800103d   Thumb Code    18  stm32f30x_rcc.o(i.RCC_AHBPeriphClockCmd)
    RCC_APB1PeriphClockCmd                   0x08001055   Thumb Code    18  stm32f30x_rcc.o(i.RCC_APB1PeriphClockCmd)
    RCC_APB1PeriphResetCmd                   0x0800106d   Thumb Code    18  stm32f30x_rcc.o(i.RCC_APB1PeriphResetCmd)
    RCC_APB2PeriphResetCmd                   0x08001085   Thumb Code    18  stm32f30x_rcc.o(i.RCC_APB2PeriphResetCmd)
    RCC_GetClocksFreq                        0x0800109d   Thumb Code   752  stm32f30x_rcc.o(i.RCC_GetClocksFreq)
    RemoveDelayList                          0x0800139d   Thumb Code    74  time.o(i.RemoveDelayList)
    RemoveEventWaittingList                  0x080013ed   Thumb Code    60  event.o(i.RemoveEventWaittingList)
    RemoveFromTCBRdyList                     0x08001465   Thumb Code    48  task.o(i.RemoveFromTCBRdyList)
    RemoveLinkNode                           0x08001499   Thumb Code    52  flag.o(i.RemoveLinkNode)
    RespondSRQ                               0x08001541   Thumb Code   162  servicereq.o(i.RespondSRQ)
    SVC_Handler                              0x080015ed   Thumb Code     2  stm32f30x_it.o(i.SVC_Handler)
    Schedule                                 0x080015f1   Thumb Code   174  task.o(i.Schedule)
    SysTick_Handler                          0x0800174d   Thumb Code    90  arch.o(i.SysTick_Handler)
    SystemInit                               0x080017bd   Thumb Code    90  system_stm32f30x.o(i.SystemInit)
    TIM3_IRQHandler                          0x0800182d   Thumb Code    34  petitmodbusport.o(i.TIM3_IRQHandler)
    TIM_ClearITPendingBit                    0x08001855   Thumb Code     8  stm32f30x_tim.o(i.TIM_ClearITPendingBit)
    TIM_Cmd                                  0x0800185d   Thumb Code    20  stm32f30x_tim.o(i.TIM_Cmd)
    TIM_GetITStatus                          0x08001871   Thumb Code    24  stm32f30x_tim.o(i.TIM_GetITStatus)
    TIM_ITConfig                             0x08001889   Thumb Code    20  stm32f30x_tim.o(i.TIM_ITConfig)
    TIM_TimeBaseInit                         0x0800189d   Thumb Code   118  stm32f30x_tim.o(i.TIM_TimeBaseInit)
    Task_1                                   0x0800193d   Thumb Code    12  main.o(i.Task_1)
    Task_2                                   0x08001949   Thumb Code    98  main.o(i.Task_2)
    Task_3                                   0x080019b5   Thumb Code    28  main.o(i.Task_3)
    Task_4                                   0x080019d5   Thumb Code    20  main.o(i.Task_4)
    TimeDispose                              0x080019ed   Thumb Code    72  time.o(i.TimeDispose)
    TmrDispose                               0x08001a39   Thumb Code    62  timer.o(i.TmrDispose)
    USART2_IRQHandler                        0x08001a7d   Thumb Code    60  petitmodbusport.o(i.USART2_IRQHandler)
    USART_ClearFlag                          0x08001acd   Thumb Code     4  stm32f30x_usart.o(i.USART_ClearFlag)
    USART_Cmd                                0x08001ad1   Thumb Code    20  stm32f30x_usart.o(i.USART_Cmd)
    USART_DeInit                             0x08001ae5   Thumb Code    96  stm32f30x_usart.o(i.USART_DeInit)
    USART_GetFlagStatus                      0x08001b59   Thumb Code    14  stm32f30x_usart.o(i.USART_GetFlagStatus)
    USART_GetITStatus                        0x08001b67   Thumb Code    58  stm32f30x_usart.o(i.USART_GetITStatus)
    USART_ITConfig                           0x08001ba1   Thumb Code    40  stm32f30x_usart.o(i.USART_ITConfig)
    USART_Init                               0x08001bc9   Thumb Code   182  stm32f30x_usart.o(i.USART_Init)
    USART_ReceiveData                        0x08001c91   Thumb Code     8  stm32f30x_usart.o(i.USART_ReceiveData)
    USART_SendData                           0x08001c99   Thumb Code     8  stm32f30x_usart.o(i.USART_SendData)
    UsageFault_Handler                       0x08001ca1   Thumb Code     2  stm32f30x_it.o(i.UsageFault_Handler)
    isr_TimeDispose                          0x08001ca5   Thumb Code    24  time.o(i.isr_TimeDispose)
    isr_TmrDispose                           0x08001cc9   Thumb Code    24  timer.o(i.isr_TmrDispose)
    main                                     0x08001ced   Thumb Code    80  main.o(i.main)
    _fp_init                                 0x08001d5d   Thumb Code    10  fpinit.o(x$fpl$fpinit)
    __fplib_config_fpu_vfp                   0x08001d65   Thumb Code     0  fpinit.o(x$fpl$fpinit)
    __fplib_config_pureend_doubles           0x08001d65   Thumb Code     0  fpinit.o(x$fpl$fpinit)
    Region$$Table$$Base                      0x08001d68   Number         0  anon$$obj.o(Region$$Table)
    Region$$Table$$Limit                     0x08001d88   Number         0  anon$$obj.o(Region$$Table)
    OSIntNesting                             0x20000030   Data           1  core.o(.data)
    OSSchedLock                              0x20000031   Data           1  core.o(.data)
    TaskSchedReq                             0x20000032   Data           1  core.o(.data)
    FreeEventList                            0x20000034   Data           4  event.o(.data)
    FMBlist                                  0x20000038   Data           4  kernelheap.o(.data)
    Kheap                                    0x2000003c   Data           8  kernelheap.o(.data)
    IsrReq                                   0x20000044   Data           1  servicereq.o(.data)
    TimeReq                                  0x20000045   Data           1  servicereq.o(.data)
    TimerReq                                 0x20000046   Data           1  servicereq.o(.data)
    FreeTCB                                  0x20000048   Data           4  task.o(.data)
    TCBRdy                                   0x2000004c   Data           4  task.o(.data)
    TCBNext                                  0x20000050   Data           4  task.o(.data)
    TCBRunning                               0x20000054   Data           4  task.o(.data)
    OSCheckTime                              0x20000058   Data           8  task.o(.data)
    DlyList                                  0x20000060   Data           4  time.o(.data)
    TmrList                                  0x20000064   Data           4  timer.o(.data)
    TmrIDVessel                              0x20000068   Data           4  timer.o(.data)
    OSTickCnt                                0x20000070   Data           8  arch.o(.data)
    PETITMODBUS_SLAVE_ADDRESS                0x20000078   Data           1  petitmodbus.o(.data)
    Petit_Tx_State                           0x20000079   Data           1  petitmodbus.o(.data)
    Petit_Rx_State                           0x2000007a   Data           1  petitmodbus.o(.data)
    Petit_Rx_Data_Available                  0x2000007b   Data           1  petitmodbus.o(.data)
    Petit_Tx_Current                         0x2000007c   Data           4  petitmodbus.o(.data)
    Petit_Tx_CRC16                           0x20000080   Data           4  petitmodbus.o(.data)
    Petit_Tx_Buf_Size                        0x20000084   Data           4  petitmodbus.o(.data)
    Petit_Rx_CRC16                           0x20000088   Data           4  petitmodbus.o(.data)
    PetitModbusTimerValue                    0x2000008c   Data           4  petitmodbus.o(.data)
    PetitReceiveCounter                      0x20000090   Data           1  petitmodbusport.o(.data)
    Task1_Stk                                0x20000094   Data         512  main.o(.bss)
    Task2_Stk                                0x20000294   Data         512  main.o(.bss)
    Task3_Stk                                0x20000494   Data         512  main.o(.bss)
    Task4_Stk                                0x20000694   Data         512  main.o(.bss)
    EventTbl                                 0x20000894   Data         320  event.o(.bss)
    FlagCrl                                  0x200009d4   Data          20  flag.o(.bss)
    KernelHeap                               0x200009e8   Data         200  kernelheap.o(.bss)
    ServiceReq                               0x20000ab0   Data          44  servicereq.o(.bss)
    TCBTbl                                   0x20000adc   Data         308  task.o(.bss)
    idle_stk                                 0x20000c10   Data         232  task.o(.bss)
    TmrTbl                                   0x20000cf8   Data          48  timer.o(.bss)
    Petit_Tx_Data                            0x20000d28   Data         708  petitmodbus.o(.bss)
    Petit_Tx_Buf                             0x20000fec   Data         700  petitmodbus.o(.bss)
    Petit_Rx_Data                            0x200012a8   Data         708  petitmodbus.o(.bss)
    PetitReceiveBuffer                       0x2000156c   Data          50  petitmodbusport.o(.bss)
    PetitRegisters                           0x2000159e   Data         600  petitregconstant.o(.bss)
    __libspace_start                         0x200017f8   Data          96  libspace.o(.bss)
    __temporary_stack_top$libspace           0x20001858   Data           0  libspace.o(.bss)



==============================================================================

Memory Map of the image

  Image Entry point : 0x08000189

  Load Region LR_IROM1 (Base: 0x08000000, Size: 0x00001e1c, Max: 0x00008000, ABSOLUTE)

    Execution Region ER_IROM1 (Base: 0x08000000, Size: 0x00001d88, Max: 0x00008000, ABSOLUTE)

    Base Addr    Size         Type   Attr      Idx    E Section Name        Object

    0x08000000   0x00000188   Data   RO         4510    RESET               startup_stm32f334x8.o
    0x08000188   0x00000008   Code   RO         5653  * !!!main             c_w.l(__main.o)
    0x08000190   0x00000034   Code   RO         5810    !!!scatter          c_w.l(__scatter.o)
    0x080001c4   0x0000001a   Code   RO         5812    !!handler_copy      c_w.l(__scatter_copy.o)
    0x080001de   0x00000002   PAD
    0x080001e0   0x0000001c   Code   RO         5814    !!handler_zi        c_w.l(__scatter_zi.o)
    0x080001fc   0x00000002   Code   RO         5680    .ARM.Collect$$libinit$$00000000  c_w.l(libinit.o)
    0x080001fe   0x00000004   Code   RO         5686    .ARM.Collect$$libinit$$00000001  c_w.l(libinit2.o)
    0x08000202   0x00000000   Code   RO         5689    .ARM.Collect$$libinit$$00000004  c_w.l(libinit2.o)
    0x08000202   0x00000000   Code   RO         5692    .ARM.Collect$$libinit$$0000000A  c_w.l(libinit2.o)
    0x08000202   0x00000000   Code   RO         5694    .ARM.Collect$$libinit$$0000000C  c_w.l(libinit2.o)
    0x08000202   0x00000000   Code   RO         5696    .ARM.Collect$$libinit$$0000000E  c_w.l(libinit2.o)
    0x08000202   0x00000000   Code   RO         5699    .ARM.Collect$$libinit$$00000011  c_w.l(libinit2.o)
    0x08000202   0x00000000   Code   RO         5701    .ARM.Collect$$libinit$$00000013  c_w.l(libinit2.o)
    0x08000202   0x00000000   Code   RO         5703    .ARM.Collect$$libinit$$00000015  c_w.l(libinit2.o)
    0x08000202   0x00000000   Code   RO         5705    .ARM.Collect$$libinit$$00000017  c_w.l(libinit2.o)
    0x08000202   0x00000000   Code   RO         5707    .ARM.Collect$$libinit$$00000019  c_w.l(libinit2.o)
    0x08000202   0x00000000   Code   RO         5709    .ARM.Collect$$libinit$$0000001B  c_w.l(libinit2.o)
    0x08000202   0x00000000   Code   RO         5711    .ARM.Collect$$libinit$$0000001D  c_w.l(libinit2.o)
    0x08000202   0x00000000   Code   RO         5713    .ARM.Collect$$libinit$$0000001F  c_w.l(libinit2.o)
    0x08000202   0x00000000   Code   RO         5715    .ARM.Collect$$libinit$$00000021  c_w.l(libinit2.o)
    0x08000202   0x00000000   Code   RO         5717    .ARM.Collect$$libinit$$00000023  c_w.l(libinit2.o)
    0x08000202   0x00000000   Code   RO         5719    .ARM.Collect$$libinit$$00000025  c_w.l(libinit2.o)
    0x08000202   0x00000000   Code   RO         5723    .ARM.Collect$$libinit$$0000002C  c_w.l(libinit2.o)
    0x08000202   0x00000000   Code   RO         5725    .ARM.Collect$$libinit$$0000002E  c_w.l(libinit2.o)
    0x08000202   0x00000000   Code   RO         5727    .ARM.Collect$$libinit$$00000030  c_w.l(libinit2.o)
    0x08000202   0x00000000   Code   RO         5729    .ARM.Collect$$libinit$$00000032  c_w.l(libinit2.o)
    0x08000202   0x00000002   Code   RO         5730    .ARM.Collect$$libinit$$00000033  c_w.l(libinit2.o)
    0x08000204   0x00000002   Code   RO         5750    .ARM.Collect$$libshutdown$$00000000  c_w.l(libshutdown.o)
    0x08000206   0x00000000   Code   RO         5763    .ARM.Collect$$libshutdown$$00000002  c_w.l(libshutdown2.o)
    0x08000206   0x00000000   Code   RO         5765    .ARM.Collect$$libshutdown$$00000004  c_w.l(libshutdown2.o)
    0x08000206   0x00000000   Code   RO         5768    .ARM.Collect$$libshutdown$$00000007  c_w.l(libshutdown2.o)
    0x08000206   0x00000000   Code   RO         5771    .ARM.Collect$$libshutdown$$0000000A  c_w.l(libshutdown2.o)
    0x08000206   0x00000000   Code   RO         5773    .ARM.Collect$$libshutdown$$0000000C  c_w.l(libshutdown2.o)
    0x08000206   0x00000000   Code   RO         5776    .ARM.Collect$$libshutdown$$0000000F  c_w.l(libshutdown2.o)
    0x08000206   0x00000002   Code   RO         5777    .ARM.Collect$$libshutdown$$00000010  c_w.l(libshutdown2.o)
    0x08000208   0x00000000   Code   RO         5655    .ARM.Collect$$rtentry$$00000000  c_w.l(__rtentry.o)
    0x08000208   0x00000000   Code   RO         5657    .ARM.Collect$$rtentry$$00000002  c_w.l(__rtentry2.o)
    0x08000208   0x00000006   Code   RO         5669    .ARM.Collect$$rtentry$$00000004  c_w.l(__rtentry4.o)
    0x0800020e   0x00000000   Code   RO         5659    .ARM.Collect$$rtentry$$00000009  c_w.l(__rtentry2.o)
    0x0800020e   0x00000004   Code   RO         5660    .ARM.Collect$$rtentry$$0000000A  c_w.l(__rtentry2.o)
    0x08000212   0x00000000   Code   RO         5662    .ARM.Collect$$rtentry$$0000000C  c_w.l(__rtentry2.o)
    0x08000212   0x00000008   Code   RO         5663    .ARM.Collect$$rtentry$$0000000D  c_w.l(__rtentry2.o)
    0x0800021a   0x00000002   Code   RO         5684    .ARM.Collect$$rtexit$$00000000  c_w.l(rtexit.o)
    0x0800021c   0x00000000   Code   RO         5732    .ARM.Collect$$rtexit$$00000002  c_w.l(rtexit2.o)
    0x0800021c   0x00000004   Code   RO         5733    .ARM.Collect$$rtexit$$00000003  c_w.l(rtexit2.o)
    0x08000220   0x00000006   Code   RO         5734    .ARM.Collect$$rtexit$$00000004  c_w.l(rtexit2.o)
    0x08000226   0x00000002   PAD
    0x08000228   0x00000090   Code   RO         5461    .emb_text           port.o
    0x080002b8   0x00000040   Code   RO         4511    .text               startup_stm32f334x8.o
    0x080002f8   0x00000006   Code   RO         5651    .text               c_w.l(heapauxi.o)
    0x080002fe   0x0000004a   Code   RO         5671    .text               c_w.l(sys_stackheap_outer.o)
    0x08000348   0x00000012   Code   RO         5673    .text               c_w.l(exit.o)
    0x0800035a   0x00000002   PAD
    0x0800035c   0x00000008   Code   RO         5681    .text               c_w.l(libspace.o)
    0x08000364   0x0000000c   Code   RO         5742    .text               c_w.l(sys_exit.o)
    0x08000370   0x00000002   Code   RO         5753    .text               c_w.l(use_no_semi.o)
    0x08000372   0x00000000   Code   RO         5755    .text               c_w.l(indicate_semi.o)
    0x08000372   0x00000002   Code   RO         4515    i.BusFault_Handler  stm32f30x_it.o
    0x08000374   0x00000068   Code   RO         5471    i.CheckPetitModbusBufferComplete  petitmodbus.o
    0x080003dc   0x00000024   Code   RO         4923    i.CoCreateKheap     kernelheap.o
    0x08000400   0x00000002   Code   RO         4905    i.CoIdleTask        hook.o
    0x08000402   0x00000002   PAD
    0x08000404   0x00000068   Code   RO         4644    i.CoInitOS          core.o
    0x0800046c   0x00000044   Code   RO         4960    i.CoPostMail        mbox.o
    0x080004b0   0x00000064   Code   RO         5082    i.CoPostQueueMail   queue.o
    0x08000514   0x00000048   Code   RO         5128    i.CoPostSem         sem.o
    0x0800055c   0x00000064   Code   RO         4824    i.CoSetFlag         flag.o
    0x080005c0   0x00000028   Code   RO         4647    i.CoStartOS         core.o
    0x080005e8   0x00000002   Code   RO         4906    i.CoStkOverflowHook  hook.o
    0x080005ea   0x00000002   PAD
    0x080005ec   0x00000048   Code   RO         5290    i.CoTickDelay       time.o
    0x08000634   0x00000044   Code   RO         4750    i.CreateEventList   event.o
    0x08000678   0x00000034   Code   RO         5197    i.CreateTCBList     task.o
    0x080006ac   0x000000bc   Code   RO         5198    i.CreateTask        task.o
    0x08000768   0x00000002   Code   RO         4516    i.DebugMon_Handler  stm32f30x_it.o
    0x0800076a   0x00000002   PAD
    0x0800076c   0x00000070   Code   RO         4752    i.EventTaskToRdy    event.o
    0x080007dc   0x00000074   Code   RO         1381    i.GPIO_Init         stm32f30x_gpio.o
    0x08000850   0x00000020   Code   RO         1382    i.GPIO_PinAFConfig  stm32f30x_gpio.o
    0x08000870   0x0000000e   Code   RO         1385    i.GPIO_ReadInputDataBit  stm32f30x_gpio.o
    0x0800087e   0x0000000a   Code   RO         1392    i.GPIO_WriteBit     stm32f30x_gpio.o
    0x08000888   0x00000054   Code   RO         4571    i.General_GPIO_Init  init.o
    0x080008dc   0x00000058   Code   RO         4573    i.General_Timer_Init  init.o
    0x08000934   0x000000b0   Code   RO         4574    i.General_USART_Init  init.o
    0x080009e4   0x0000008c   Code   RO         5472    i.HandleMPetitodbusWriteMultipleRegisters  petitmodbus.o
    0x08000a70   0x00000020   Code   RO         5473    i.HandlePetitModbusError  petitmodbus.o
    0x08000a90   0x0000008c   Code   RO         5474    i.HandlePetitModbusReadHoldingRegisters  petitmodbus.o
    0x08000b1c   0x00000064   Code   RO         5475    i.HandlePetitModbusWriteSingleRegister  petitmodbus.o
    0x08000b80   0x00000002   Code   RO         4517    i.HardFault_Handler  stm32f30x_it.o
    0x08000b82   0x00000002   PAD
    0x08000b84   0x00000018   Code   RO         5476    i.InitPetitModbus   petitmodbus.o
    0x08000b9c   0x00000020   Code   RO         5437    i.InitTaskContext   arch.o
    0x08000bbc   0x00000064   Code   RO         5292    i.InsertDelayList   time.o
    0x08000c20   0x00000078   Code   RO         5354    i.InsertTmrList     timer.o
    0x08000c98   0x0000007c   Code   RO         5199    i.InsertToTCBRdyList  task.o
    0x08000d14   0x00000002   Code   RO         4518    i.MemManage_Handler  stm32f30x_it.o
    0x08000d16   0x00000002   Code   RO         4519    i.NMI_Handler       stm32f30x_it.o
    0x08000d18   0x00000064   Code   RO         2263    i.NVIC_Init         stm32f30x_misc.o
    0x08000d7c   0x00000034   Code   RO         4648    i.OsSchedUnlock     core.o
    0x08000db0   0x00000004   Code   RO         5572    i.PetitModBus_TIMER_Initialise  petitmodbusport.o
    0x08000db4   0x00000010   Code   RO         5573    i.PetitModBus_TimerValues  petitmodbusport.o
    0x08000dc4   0x00000004   Code   RO         5574    i.PetitModBus_UART_Initialise  petitmodbusport.o
    0x08000dc8   0x00000024   Code   RO         5575    i.PetitModBus_UART_Putch  petitmodbusport.o
    0x08000dec   0x0000001a   Code   RO         5576    i.PetitModBus_UART_String  petitmodbusport.o
    0x08000e06   0x00000002   PAD
    0x08000e08   0x0000001c   Code   RO         5477    i.PetitSendMessage  petitmodbus.o
    0x08000e24   0x00000022   Code   RO         5478    i.Petit_CRC16       petitmodbus.o
    0x08000e46   0x00000002   PAD
    0x08000e48   0x00000020   Code   RO         5479    i.Petit_CheckRxTimeout  petitmodbus.o
    0x08000e68   0x0000001c   Code   RO         5480    i.Petit_DoSlaveTX   petitmodbus.o
    0x08000e84   0x00000010   Code   RO         5481    i.Petit_RxDataAvailable  petitmodbus.o
    0x08000e94   0x000000cc   Code   RO         5482    i.Petit_RxRTU       petitmodbus.o
    0x08000f60   0x00000080   Code   RO         5483    i.Petit_TxRTU       petitmodbus.o
    0x08000fe0   0x0000005c   Code   RO         5484    i.ProcessPetitModbus  petitmodbus.o
    0x0800103c   0x00000018   Code   RO         2498    i.RCC_AHBPeriphClockCmd  stm32f30x_rcc.o
    0x08001054   0x00000018   Code   RO         2500    i.RCC_APB1PeriphClockCmd  stm32f30x_rcc.o
    0x0800106c   0x00000018   Code   RO         2501    i.RCC_APB1PeriphResetCmd  stm32f30x_rcc.o
    0x08001084   0x00000018   Code   RO         2503    i.RCC_APB2PeriphResetCmd  stm32f30x_rcc.o
    0x0800109c   0x00000300   Code   RO         2510    i.RCC_GetClocksFreq  stm32f30x_rcc.o
    0x0800139c   0x00000050   Code   RO         5293    i.RemoveDelayList   time.o
    0x080013ec   0x00000040   Code   RO         4755    i.RemoveEventWaittingList  event.o
    0x0800142c   0x00000038   Code   RO         4828    i.RemoveFromLink    flag.o
    0x08001464   0x00000034   Code   RO         5200    i.RemoveFromTCBRdyList  task.o
    0x08001498   0x00000038   Code   RO         4829    i.RemoveLinkNode    flag.o
    0x080014d0   0x00000070   Code   RO         5355    i.RemoveTmrList     timer.o
    0x08001540   0x000000ac   Code   RO         5167    i.RespondSRQ        servicereq.o
    0x080015ec   0x00000002   Code   RO         4520    i.SVC_Handler       stm32f30x_it.o
    0x080015ee   0x00000002   PAD
    0x080015f0   0x000000c8   Code   RO         5201    i.Schedule          task.o
    0x080016b8   0x00000094   Code   RO         4470    i.SetSysClock       system_stm32f30x.o
    0x0800174c   0x00000070   Code   RO         5438    i.SysTick_Handler   arch.o
    0x080017bc   0x00000070   Code   RO         4472    i.SystemInit        system_stm32f30x.o
    0x0800182c   0x00000028   Code   RO         5577    i.TIM3_IRQHandler   petitmodbusport.o
    0x08001854   0x00000008   Code   RO         3422    i.TIM_ClearITPendingBit  stm32f30x_tim.o
    0x0800185c   0x00000014   Code   RO         3429    i.TIM_Cmd           stm32f30x_tim.o
    0x08001870   0x00000018   Code   RO         3452    i.TIM_GetITStatus   stm32f30x_tim.o
    0x08001888   0x00000014   Code   RO         3456    i.TIM_ITConfig      stm32f30x_tim.o
    0x0800189c   0x000000a0   Code   RO         3516    i.TIM_TimeBaseInit  stm32f30x_tim.o
    0x0800193c   0x0000000c   Code   RO            4    i.Task_1            main.o
    0x08001948   0x0000006c   Code   RO            5    i.Task_2            main.o
    0x080019b4   0x00000020   Code   RO            6    i.Task_3            main.o
    0x080019d4   0x00000018   Code   RO            7    i.Task_4            main.o
    0x080019ec   0x0000004c   Code   RO         5294    i.TimeDispose       time.o
    0x08001a38   0x00000044   Code   RO         5356    i.TmrDispose        timer.o
    0x08001a7c   0x00000050   Code   RO         5578    i.USART2_IRQHandler  petitmodbusport.o
    0x08001acc   0x00000004   Code   RO         4095    i.USART_ClearFlag   stm32f30x_usart.o
    0x08001ad0   0x00000014   Code   RO         4099    i.USART_Cmd         stm32f30x_usart.o
    0x08001ae4   0x00000074   Code   RO         4105    i.USART_DeInit      stm32f30x_usart.o
    0x08001b58   0x0000000e   Code   RO         4107    i.USART_GetFlagStatus  stm32f30x_usart.o
    0x08001b66   0x0000003a   Code   RO         4108    i.USART_GetITStatus  stm32f30x_usart.o
    0x08001ba0   0x00000028   Code   RO         4110    i.USART_ITConfig    stm32f30x_usart.o
    0x08001bc8   0x000000c8   Code   RO         4111    i.USART_Init        stm32f30x_usart.o
    0x08001c90   0x00000008   Code   RO         4123    i.USART_ReceiveData  stm32f30x_usart.o
    0x08001c98   0x00000008   Code   RO         4128    i.USART_SendData    stm32f30x_usart.o
    0x08001ca0   0x00000002   Code   RO         4521    i.UsageFault_Handler  stm32f30x_it.o
    0x08001ca2   0x00000002   PAD
    0x08001ca4   0x00000024   Code   RO         5295    i.isr_TimeDispose   time.o
    0x08001cc8   0x00000024   Code   RO         5357    i.isr_TmrDispose    timer.o
    0x08001cec   0x00000070   Code   RO            8    i.main              main.o
    0x08001d5c   0x0000000a   Code   RO         5740    x$fpl$fpinit        fz_wm.l(fpinit.o)
    0x08001d66   0x00000002   PAD
    0x08001d68   0x00000020   Data   RO         5808    Region$$Table       anon$$obj.o


    Execution Region RW_IRAM1 (Base: 0x20000000, Size: 0x00001e58, Max: 0x00030000, ABSOLUTE)

    Base Addr    Size         Type   Attr      Idx    E Section Name        Object

    0x20000000   0x00000030   Data   RW         2537    .data               stm32f30x_rcc.o
    0x20000030   0x00000003   Data   RW         4649    .data               core.o
    0x20000033   0x00000001   PAD
    0x20000034   0x00000004   Data   RW         4757    .data               event.o
    0x20000038   0x0000000c   Data   RW         4928    .data               kernelheap.o
    0x20000044   0x00000003   Data   RW         5169    .data               servicereq.o
    0x20000047   0x00000001   PAD
    0x20000048   0x00000018   Data   RW         5204    .data               task.o
    0x20000060   0x00000004   Data   RW         5296    .data               time.o
    0x20000064   0x00000008   Data   RW         5359    .data               timer.o
    0x2000006c   0x00000004   PAD
    0x20000070   0x00000008   Data   RW         5439    .data               arch.o
    0x20000078   0x00000018   Data   RW         5486    .data               petitmodbus.o
    0x20000090   0x00000001   Data   RW         5581    .data               petitmodbusport.o
    0x20000091   0x00000003   PAD
    0x20000094   0x00000800   Zero   RW            9    .bss                main.o
    0x20000894   0x00000140   Zero   RW         4756    .bss                event.o
    0x200009d4   0x00000014   Zero   RW         4831    .bss                flag.o
    0x200009e8   0x000000c8   Zero   RW         4927    .bss                kernelheap.o
    0x20000ab0   0x0000002c   Zero   RW         5168    .bss                servicereq.o
    0x20000adc   0x00000134   Zero   RW         5202    .bss                task.o
    0x20000c10   0x000000e8   Zero   RW         5203    .bss                task.o
    0x20000cf8   0x00000030   Zero   RW         5358    .bss                timer.o
    0x20000d28   0x00000844   Zero   RW         5485    .bss                petitmodbus.o
    0x2000156c   0x00000032   Zero   RW         5579    .bss                petitmodbusport.o
    0x2000159e   0x00000258   Zero   RW         5636    .bss                petitregconstant.o
    0x200017f6   0x00000002   PAD
    0x200017f8   0x00000060   Zero   RW         5682    .bss                c_w.l(libspace.o)
    0x20001858   0x00000200   Zero   RW         4509    HEAP                startup_stm32f334x8.o
    0x20001a58   0x00000400   Zero   RW         4508    STACK               startup_stm32f334x8.o


==============================================================================

Image component sizes


      Code (inc. data)   RO Data    RW Data    ZI Data      Debug   Object Name

       144         22          0          8          0       1620   arch.o
       196         44          0          3          0       2811   core.o
       244         16          0          4        320       3912   event.o
       212         16          0          0         20       3054   flag.o
         4          0          0          0          0        865   hook.o
       348         26          0          0          0       1726   init.o
        36         10          0         12        200       1027   kernelheap.o
       288         50          0          0       2048     352241   main.o
        68          8          0          0          0        681   mbox.o
      1102        138          0         24       2116      10766   petitmodbus.o
       206         38          0          1         50       4342   petitmodbusport.o
         0          0          0          0        600       1351   petitregconstant.o
       144         22          0          0          0        680   port.o
       100          8          0          0          0        746   queue.o
        72         10          0          0          0        624   sem.o
       172         10          0          3         44       1434   servicereq.o
        64         26        392          0       1536        800   startup_stm32f334x8.o
       172          0          0          0          0       3167   stm32f30x_gpio.o
        14          0          0          0          0       3043   stm32f30x_it.o
       100          6          0          0          0       1088   stm32f30x_misc.o
       864         40          0         48          0       5835   stm32f30x_rcc.o
       232         42          0          0          0       4889   stm32f30x_tim.o
       468         38          0          0          0       7026   stm32f30x_usart.o
       260         30          0          0          0       1421   system_stm32f30x.o
       616         64          0         24        540       5276   task.o
       364         44          0          4          0       3124   time.o
       336         44          0          8         48       3307   timer.o

    ----------------------------------------------------------------------
      6842        752        424        148       7524     426856   Object Totals
         0          0         32          0          0          0   (incl. Generated)
        16          0          0          9          2          0   (incl. Padding)

    ----------------------------------------------------------------------

      Code (inc. data)   RO Data    RW Data    ZI Data      Debug   Library Member Name

         8          0          0          0          0         68   __main.o
         0          0          0          0          0          0   __rtentry.o
        12          0          0          0          0          0   __rtentry2.o
         6          0          0          0          0          0   __rtentry4.o
        52          8          0          0          0          0   __scatter.o
        26          0          0          0          0          0   __scatter_copy.o
        28          0          0          0          0          0   __scatter_zi.o
        18          0          0          0          0         80   exit.o
         6          0          0          0          0        152   heapauxi.o
         0          0          0          0          0          0   indicate_semi.o
         2          0          0          0          0          0   libinit.o
         6          0          0          0          0          0   libinit2.o
         2          0          0          0          0          0   libshutdown.o
         2          0          0          0          0          0   libshutdown2.o
         8          4          0          0         96         68   libspace.o
         2          0          0          0          0          0   rtexit.o
        10          0          0          0          0          0   rtexit2.o
        12          4          0          0          0         68   sys_exit.o
        74          0          0          0          0         80   sys_stackheap_outer.o
         2          0          0          0          0         68   use_no_semi.o
        10          0          0          0          0        116   fpinit.o

    ----------------------------------------------------------------------
       294         16          0          0         96        700   Library Totals
         8          0          0          0          0          0   (incl. Padding)

    ----------------------------------------------------------------------

      Code (inc. data)   RO Data    RW Data    ZI Data      Debug   Library Name

       276         16          0          0         96        584   c_w.l
        10          0          0          0          0        116   fz_wm.l

    ----------------------------------------------------------------------
       294         16          0          0         96        700   Library Totals

    ----------------------------------------------------------------------

==============================================================================


      Code (inc. data)   RO Data    RW Data    ZI Data      Debug   

      7136        768        424        148       7620     418700   Grand Totals
      7136        768        424        148       7620     418700   ELF Image Totals
      7136        768        424        148          0          0   ROM Totals

==============================================================================

    Total RO  Size (Code + RO Data)                 7560 (   7.38kB)
    Total RW  Size (RW Data + ZI Data)              7768 (   7.59kB)
    Total ROM Size (Code + RO Data + RW Data)       7708 (   7.53kB)

==============================================================================

